// Jest Snapshot v1, https://goo.gl/fbAQLP

exports[`It Deploys 1`] = `
Object {
  "Parameters": Object {
    "BootstrapVersion": Object {
      "Default": "/cdk-bootstrap/hnb659fds/version",
      "Description": "Version of the CDK Bootstrap resources in this environment, automatically retrieved from SSM Parameter Store. [cdk:skip]",
      "Type": "AWS::SSM::Parameter::Value<String>",
    },
  },
  "Resources": Object {
    "AWS679f53fac002430cb0da5b7982bd22872D164C4C": Object {
      "DependsOn": Array [
        "AWS679f53fac002430cb0da5b7982bd2287ServiceRoleC1EA0FF2",
      ],
      "Properties": Object {
        "Code": Object {
          "S3Bucket": Object {
            "Fn::Sub": "cdk-hnb659fds-assets-\${AWS::AccountId}-\${AWS::Region}",
          },
          "S3Key": "11d371859e49f3b1a49896583254890801a40beada56e4c84409a179a221e2e2.zip",
        },
        "Handler": "index.handler",
        "Role": Object {
          "Fn::GetAtt": Array [
            "AWS679f53fac002430cb0da5b7982bd2287ServiceRoleC1EA0FF2",
            "Arn",
          ],
        },
        "Runtime": "nodejs12.x",
        "Timeout": 120,
      },
      "Type": "AWS::Lambda::Function",
    },
    "AWS679f53fac002430cb0da5b7982bd2287ServiceRoleC1EA0FF2": Object {
      "Properties": Object {
        "AssumeRolePolicyDocument": Object {
          "Statement": Array [
            Object {
              "Action": "sts:AssumeRole",
              "Effect": "Allow",
              "Principal": Object {
                "Service": "lambda.amazonaws.com",
              },
            },
          ],
          "Version": "2012-10-17",
        },
        "ManagedPolicyArns": Array [
          Object {
            "Fn::Join": Array [
              "",
              Array [
                "arn:",
                Object {
                  "Ref": "AWS::Partition",
                },
                ":iam::aws:policy/service-role/AWSLambdaBasicExecutionRole",
              ],
            ],
          },
        ],
      },
      "Type": "AWS::IAM::Role",
    },
    "MyFunction2A62AEB1": Object {
      "DependsOn": Array [
        "MyFunctionServiceRoleDefaultPolicyB444E54A",
        "MyFunctionServiceRole2570EEFB",
      ],
      "Properties": Object {
        "Code": Object {
          "S3Bucket": Object {
            "Fn::Sub": "cdk-hnb659fds-assets-\${AWS::AccountId}-\${AWS::Region}",
          },
          "S3Key": "2cb14b268f6b3a825468306ea453002d3e7b1c7e1130b37acaf90fe089a37931.zip",
        },
        "Environment": Object {
          "Variables": Object {
            "AWS_NODEJS_CONNECTION_REUSE_ENABLED": "1",
          },
        },
        "Handler": "index.handler",
        "Role": Object {
          "Fn::GetAtt": Array [
            "MyFunctionServiceRole2570EEFB",
            "Arn",
          ],
        },
        "Runtime": "nodejs14.x",
        "TracingConfig": Object {
          "Mode": "Active",
        },
      },
      "Type": "AWS::Lambda::Function",
    },
    "MyFunctionInvokeMyFunction08925A802": Object {
      "DeletionPolicy": "Delete",
      "DependsOn": Array [
        "MyFunctionInvokeMyFunction0CustomResourcePolicy2E65E618",
      ],
      "Properties": Object {
        "Create": Object {
          "Fn::Join": Array [
            "",
            Array [
              "{\\"service\\":\\"Lambda\\",\\"action\\":\\"invoke\\",\\"physicalResourceId\\":{\\"id\\":\\"MyFunction-0\\"},\\"parameters\\":{\\"FunctionName\\":\\"",
              Object {
                "Ref": "MyFunction2A62AEB1",
              },
              "\\",\\"InvocationType\\":\\"RequestResponse\\",\\"Payload\\":\\"{\\\\\\"key1\\\\\\":\\\\\\"value1\\\\\\",\\\\\\"key2\\\\\\":\\\\\\"value2\\\\\\",\\\\\\"key3\\\\\\":\\\\\\"value3\\\\\\"}\\"}}",
            ],
          ],
        },
        "InstallLatestAwsSdk": true,
        "ServiceToken": Object {
          "Fn::GetAtt": Array [
            "AWS679f53fac002430cb0da5b7982bd22872D164C4C",
            "Arn",
          ],
        },
        "Update": Object {
          "Fn::Join": Array [
            "",
            Array [
              "{\\"service\\":\\"Lambda\\",\\"action\\":\\"invoke\\",\\"physicalResourceId\\":{\\"id\\":\\"MyFunction-0\\"},\\"parameters\\":{\\"FunctionName\\":\\"",
              Object {
                "Ref": "MyFunction2A62AEB1",
              },
              "\\",\\"InvocationType\\":\\"RequestResponse\\",\\"Payload\\":\\"{\\\\\\"key1\\\\\\":\\\\\\"value1\\\\\\",\\\\\\"key2\\\\\\":\\\\\\"value2\\\\\\",\\\\\\"key3\\\\\\":\\\\\\"value3\\\\\\"}\\"}}",
            ],
          ],
        },
      },
      "Type": "Custom::AWS",
      "UpdateReplacePolicy": "Delete",
    },
    "MyFunctionInvokeMyFunction0CustomResourcePolicy2E65E618": Object {
      "Properties": Object {
        "PolicyDocument": Object {
          "Statement": Array [
            Object {
              "Action": "lambda:InvokeFunction",
              "Effect": "Allow",
              "Resource": Object {
                "Fn::GetAtt": Array [
                  "MyFunction2A62AEB1",
                  "Arn",
                ],
              },
            },
          ],
          "Version": "2012-10-17",
        },
        "PolicyName": "MyFunctionInvokeMyFunction0CustomResourcePolicy2E65E618",
        "Roles": Array [
          Object {
            "Ref": "AWS679f53fac002430cb0da5b7982bd2287ServiceRoleC1EA0FF2",
          },
        ],
      },
      "Type": "AWS::IAM::Policy",
    },
    "MyFunctionInvokeMyFunction1B3E22C54": Object {
      "DeletionPolicy": "Delete",
      "DependsOn": Array [
        "MyFunctionInvokeMyFunction1CustomResourcePolicyB1290A21",
      ],
      "Properties": Object {
        "Create": Object {
          "Fn::Join": Array [
            "",
            Array [
              "{\\"service\\":\\"Lambda\\",\\"action\\":\\"invoke\\",\\"physicalResourceId\\":{\\"id\\":\\"MyFunction-1\\"},\\"parameters\\":{\\"FunctionName\\":\\"",
              Object {
                "Ref": "MyFunction2A62AEB1",
              },
              "\\",\\"InvocationType\\":\\"RequestResponse\\",\\"Payload\\":\\"{\\\\\\"key1\\\\\\":\\\\\\"value1\\\\\\",\\\\\\"key2\\\\\\":\\\\\\"value2\\\\\\",\\\\\\"key3\\\\\\":\\\\\\"value3\\\\\\"}\\"}}",
            ],
          ],
        },
        "InstallLatestAwsSdk": true,
        "ServiceToken": Object {
          "Fn::GetAtt": Array [
            "AWS679f53fac002430cb0da5b7982bd22872D164C4C",
            "Arn",
          ],
        },
        "Update": Object {
          "Fn::Join": Array [
            "",
            Array [
              "{\\"service\\":\\"Lambda\\",\\"action\\":\\"invoke\\",\\"physicalResourceId\\":{\\"id\\":\\"MyFunction-1\\"},\\"parameters\\":{\\"FunctionName\\":\\"",
              Object {
                "Ref": "MyFunction2A62AEB1",
              },
              "\\",\\"InvocationType\\":\\"RequestResponse\\",\\"Payload\\":\\"{\\\\\\"key1\\\\\\":\\\\\\"value1\\\\\\",\\\\\\"key2\\\\\\":\\\\\\"value2\\\\\\",\\\\\\"key3\\\\\\":\\\\\\"value3\\\\\\"}\\"}}",
            ],
          ],
        },
      },
      "Type": "Custom::AWS",
      "UpdateReplacePolicy": "Delete",
    },
    "MyFunctionInvokeMyFunction1CustomResourcePolicyB1290A21": Object {
      "Properties": Object {
        "PolicyDocument": Object {
          "Statement": Array [
            Object {
              "Action": "lambda:InvokeFunction",
              "Effect": "Allow",
              "Resource": Object {
                "Fn::GetAtt": Array [
                  "MyFunction2A62AEB1",
                  "Arn",
                ],
              },
            },
          ],
          "Version": "2012-10-17",
        },
        "PolicyName": "MyFunctionInvokeMyFunction1CustomResourcePolicyB1290A21",
        "Roles": Array [
          Object {
            "Ref": "AWS679f53fac002430cb0da5b7982bd2287ServiceRoleC1EA0FF2",
          },
        ],
      },
      "Type": "AWS::IAM::Policy",
    },
    "MyFunctionServiceRole2570EEFB": Object {
      "Properties": Object {
        "AssumeRolePolicyDocument": Object {
          "Statement": Array [
            Object {
              "Action": "sts:AssumeRole",
              "Effect": "Allow",
              "Principal": Object {
                "Service": "lambda.amazonaws.com",
              },
            },
          ],
          "Version": "2012-10-17",
        },
        "ManagedPolicyArns": Array [
          Object {
            "Fn::Join": Array [
              "",
              Array [
                "arn:",
                Object {
                  "Ref": "AWS::Partition",
                },
                ":iam::aws:policy/service-role/AWSLambdaBasicExecutionRole",
              ],
            ],
          },
        ],
      },
      "Type": "AWS::IAM::Role",
    },
    "MyFunctionServiceRoleDefaultPolicyB444E54A": Object {
      "Properties": Object {
        "PolicyDocument": Object {
          "Statement": Array [
            Object {
              "Action": Array [
                "xray:PutTraceSegments",
                "xray:PutTelemetryRecords",
              ],
              "Effect": "Allow",
              "Resource": "*",
            },
          ],
          "Version": "2012-10-17",
        },
        "PolicyName": "MyFunctionServiceRoleDefaultPolicyB444E54A",
        "Roles": Array [
          Object {
            "Ref": "MyFunctionServiceRole2570EEFB",
          },
        ],
      },
      "Type": "AWS::IAM::Policy",
    },
    "MyFunctionWithDecorator7205B102": Object {
      "DependsOn": Array [
        "MyFunctionWithDecoratorServiceRoleDefaultPolicyD2599337",
        "MyFunctionWithDecoratorServiceRole3CCAD3D2",
      ],
      "Properties": Object {
        "Code": Object {
          "S3Bucket": Object {
            "Fn::Sub": "cdk-hnb659fds-assets-\${AWS::AccountId}-\${AWS::Region}",
          },
          "S3Key": "60e923985455b11cfcd44b01bcf7fcf7e8356ef4ded39327e117491009197de8.zip",
        },
        "Environment": Object {
          "Variables": Object {
            "AWS_NODEJS_CONNECTION_REUSE_ENABLED": "1",
          },
        },
        "Handler": "index.handler",
        "Role": Object {
          "Fn::GetAtt": Array [
            "MyFunctionWithDecoratorServiceRole3CCAD3D2",
            "Arn",
          ],
        },
        "Runtime": "nodejs14.x",
        "TracingConfig": Object {
          "Mode": "Active",
        },
      },
      "Type": "AWS::Lambda::Function",
    },
    "MyFunctionWithDecoratorInvokeMyFunctionWithDecorator07646A098": Object {
      "DeletionPolicy": "Delete",
      "DependsOn": Array [
        "MyFunctionWithDecoratorInvokeMyFunctionWithDecorator0CustomResourcePolicy05E08E0A",
      ],
      "Properties": Object {
        "Create": Object {
          "Fn::Join": Array [
            "",
            Array [
              "{\\"service\\":\\"Lambda\\",\\"action\\":\\"invoke\\",\\"physicalResourceId\\":{\\"id\\":\\"MyFunctionWithDecorator-0\\"},\\"parameters\\":{\\"FunctionName\\":\\"",
              Object {
                "Ref": "MyFunctionWithDecorator7205B102",
              },
              "\\",\\"InvocationType\\":\\"RequestResponse\\",\\"Payload\\":\\"{\\\\\\"key1\\\\\\":\\\\\\"value1\\\\\\",\\\\\\"key2\\\\\\":\\\\\\"value2\\\\\\",\\\\\\"key3\\\\\\":\\\\\\"value3\\\\\\"}\\"}}",
            ],
          ],
        },
        "InstallLatestAwsSdk": true,
        "ServiceToken": Object {
          "Fn::GetAtt": Array [
            "AWS679f53fac002430cb0da5b7982bd22872D164C4C",
            "Arn",
          ],
        },
        "Update": Object {
          "Fn::Join": Array [
            "",
            Array [
              "{\\"service\\":\\"Lambda\\",\\"action\\":\\"invoke\\",\\"physicalResourceId\\":{\\"id\\":\\"MyFunctionWithDecorator-0\\"},\\"parameters\\":{\\"FunctionName\\":\\"",
              Object {
                "Ref": "MyFunctionWithDecorator7205B102",
              },
              "\\",\\"InvocationType\\":\\"RequestResponse\\",\\"Payload\\":\\"{\\\\\\"key1\\\\\\":\\\\\\"value1\\\\\\",\\\\\\"key2\\\\\\":\\\\\\"value2\\\\\\",\\\\\\"key3\\\\\\":\\\\\\"value3\\\\\\"}\\"}}",
            ],
          ],
        },
      },
      "Type": "Custom::AWS",
      "UpdateReplacePolicy": "Delete",
    },
    "MyFunctionWithDecoratorInvokeMyFunctionWithDecorator0CustomResourcePolicy05E08E0A": Object {
      "Properties": Object {
        "PolicyDocument": Object {
          "Statement": Array [
            Object {
              "Action": "lambda:InvokeFunction",
              "Effect": "Allow",
              "Resource": Object {
                "Fn::GetAtt": Array [
                  "MyFunctionWithDecorator7205B102",
                  "Arn",
                ],
              },
            },
          ],
          "Version": "2012-10-17",
        },
        "PolicyName": "MyFunctionWithDecoratorInvokeMyFunctionWithDecorator0CustomResourcePolicy05E08E0A",
        "Roles": Array [
          Object {
            "Ref": "AWS679f53fac002430cb0da5b7982bd2287ServiceRoleC1EA0FF2",
          },
        ],
      },
      "Type": "AWS::IAM::Policy",
    },
    "MyFunctionWithDecoratorInvokeMyFunctionWithDecorator111C7E65E": Object {
      "DeletionPolicy": "Delete",
      "DependsOn": Array [
        "MyFunctionWithDecoratorInvokeMyFunctionWithDecorator1CustomResourcePolicy7BF82F07",
      ],
      "Properties": Object {
        "Create": Object {
          "Fn::Join": Array [
            "",
            Array [
              "{\\"service\\":\\"Lambda\\",\\"action\\":\\"invoke\\",\\"physicalResourceId\\":{\\"id\\":\\"MyFunctionWithDecorator-1\\"},\\"parameters\\":{\\"FunctionName\\":\\"",
              Object {
                "Ref": "MyFunctionWithDecorator7205B102",
              },
              "\\",\\"InvocationType\\":\\"RequestResponse\\",\\"Payload\\":\\"{\\\\\\"key1\\\\\\":\\\\\\"value1\\\\\\",\\\\\\"key2\\\\\\":\\\\\\"value2\\\\\\",\\\\\\"key3\\\\\\":\\\\\\"value3\\\\\\"}\\"}}",
            ],
          ],
        },
        "InstallLatestAwsSdk": true,
        "ServiceToken": Object {
          "Fn::GetAtt": Array [
            "AWS679f53fac002430cb0da5b7982bd22872D164C4C",
            "Arn",
          ],
        },
        "Update": Object {
          "Fn::Join": Array [
            "",
            Array [
              "{\\"service\\":\\"Lambda\\",\\"action\\":\\"invoke\\",\\"physicalResourceId\\":{\\"id\\":\\"MyFunctionWithDecorator-1\\"},\\"parameters\\":{\\"FunctionName\\":\\"",
              Object {
                "Ref": "MyFunctionWithDecorator7205B102",
              },
              "\\",\\"InvocationType\\":\\"RequestResponse\\",\\"Payload\\":\\"{\\\\\\"key1\\\\\\":\\\\\\"value1\\\\\\",\\\\\\"key2\\\\\\":\\\\\\"value2\\\\\\",\\\\\\"key3\\\\\\":\\\\\\"value3\\\\\\"}\\"}}",
            ],
          ],
        },
      },
      "Type": "Custom::AWS",
      "UpdateReplacePolicy": "Delete",
    },
    "MyFunctionWithDecoratorInvokeMyFunctionWithDecorator1CustomResourcePolicy7BF82F07": Object {
      "Properties": Object {
        "PolicyDocument": Object {
          "Statement": Array [
            Object {
              "Action": "lambda:InvokeFunction",
              "Effect": "Allow",
              "Resource": Object {
                "Fn::GetAtt": Array [
                  "MyFunctionWithDecorator7205B102",
                  "Arn",
                ],
              },
            },
          ],
          "Version": "2012-10-17",
        },
        "PolicyName": "MyFunctionWithDecoratorInvokeMyFunctionWithDecorator1CustomResourcePolicy7BF82F07",
        "Roles": Array [
          Object {
            "Ref": "AWS679f53fac002430cb0da5b7982bd2287ServiceRoleC1EA0FF2",
          },
        ],
      },
      "Type": "AWS::IAM::Policy",
    },
    "MyFunctionWithDecoratorServiceRole3CCAD3D2": Object {
      "Properties": Object {
        "AssumeRolePolicyDocument": Object {
          "Statement": Array [
            Object {
              "Action": "sts:AssumeRole",
              "Effect": "Allow",
              "Principal": Object {
                "Service": "lambda.amazonaws.com",
              },
            },
          ],
          "Version": "2012-10-17",
        },
        "ManagedPolicyArns": Array [
          Object {
            "Fn::Join": Array [
              "",
              Array [
                "arn:",
                Object {
                  "Ref": "AWS::Partition",
                },
                ":iam::aws:policy/service-role/AWSLambdaBasicExecutionRole",
              ],
            ],
          },
        ],
      },
      "Type": "AWS::IAM::Role",
    },
    "MyFunctionWithDecoratorServiceRoleDefaultPolicyD2599337": Object {
      "Properties": Object {
        "PolicyDocument": Object {
          "Statement": Array [
            Object {
              "Action": Array [
                "xray:PutTraceSegments",
                "xray:PutTelemetryRecords",
              ],
              "Effect": "Allow",
              "Resource": "*",
            },
          ],
          "Version": "2012-10-17",
        },
        "PolicyName": "MyFunctionWithDecoratorServiceRoleDefaultPolicyD2599337",
        "Roles": Array [
          Object {
            "Ref": "MyFunctionWithDecoratorServiceRole3CCAD3D2",
          },
        ],
      },
      "Type": "AWS::IAM::Policy",
    },
    "MyFunctionWithMiddy5CE6B16B": Object {
      "DependsOn": Array [
        "MyFunctionWithMiddyServiceRoleDefaultPolicy02917862",
        "MyFunctionWithMiddyServiceRoleBAA61F0F",
      ],
      "Properties": Object {
        "Code": Object {
          "S3Bucket": Object {
            "Fn::Sub": "cdk-hnb659fds-assets-\${AWS::AccountId}-\${AWS::Region}",
          },
          "S3Key": "f185a2f9fcdbf568a3fdcb1936907fc51e97bbf82be56d64fd2741fad983b834.zip",
        },
        "Environment": Object {
          "Variables": Object {
            "AWS_NODEJS_CONNECTION_REUSE_ENABLED": "1",
          },
        },
        "Handler": "index.handler",
        "Role": Object {
          "Fn::GetAtt": Array [
            "MyFunctionWithMiddyServiceRoleBAA61F0F",
            "Arn",
          ],
        },
        "Runtime": "nodejs14.x",
        "TracingConfig": Object {
          "Mode": "Active",
        },
      },
      "Type": "AWS::Lambda::Function",
    },
    "MyFunctionWithMiddyInvokeMyFunctionWithMiddy0CustomResourcePolicyD939831A": Object {
      "Properties": Object {
        "PolicyDocument": Object {
          "Statement": Array [
            Object {
              "Action": "lambda:InvokeFunction",
              "Effect": "Allow",
              "Resource": Object {
                "Fn::GetAtt": Array [
                  "MyFunctionWithMiddy5CE6B16B",
                  "Arn",
                ],
              },
            },
          ],
          "Version": "2012-10-17",
        },
        "PolicyName": "MyFunctionWithMiddyInvokeMyFunctionWithMiddy0CustomResourcePolicyD939831A",
        "Roles": Array [
          Object {
            "Ref": "AWS679f53fac002430cb0da5b7982bd2287ServiceRoleC1EA0FF2",
          },
        ],
      },
      "Type": "AWS::IAM::Policy",
    },
    "MyFunctionWithMiddyInvokeMyFunctionWithMiddy0DB3CA8A6": Object {
      "DeletionPolicy": "Delete",
      "DependsOn": Array [
        "MyFunctionWithMiddyInvokeMyFunctionWithMiddy0CustomResourcePolicyD939831A",
      ],
      "Properties": Object {
        "Create": Object {
          "Fn::Join": Array [
            "",
            Array [
              "{\\"service\\":\\"Lambda\\",\\"action\\":\\"invoke\\",\\"physicalResourceId\\":{\\"id\\":\\"MyFunctionWithMiddy-0\\"},\\"parameters\\":{\\"FunctionName\\":\\"",
              Object {
                "Ref": "MyFunctionWithMiddy5CE6B16B",
              },
              "\\",\\"InvocationType\\":\\"RequestResponse\\",\\"Payload\\":\\"{\\\\\\"key1\\\\\\":\\\\\\"value1\\\\\\",\\\\\\"key2\\\\\\":\\\\\\"value2\\\\\\",\\\\\\"key3\\\\\\":\\\\\\"value3\\\\\\"}\\"}}",
            ],
          ],
        },
        "InstallLatestAwsSdk": true,
        "ServiceToken": Object {
          "Fn::GetAtt": Array [
            "AWS679f53fac002430cb0da5b7982bd22872D164C4C",
            "Arn",
          ],
        },
        "Update": Object {
          "Fn::Join": Array [
            "",
            Array [
              "{\\"service\\":\\"Lambda\\",\\"action\\":\\"invoke\\",\\"physicalResourceId\\":{\\"id\\":\\"MyFunctionWithMiddy-0\\"},\\"parameters\\":{\\"FunctionName\\":\\"",
              Object {
                "Ref": "MyFunctionWithMiddy5CE6B16B",
              },
              "\\",\\"InvocationType\\":\\"RequestResponse\\",\\"Payload\\":\\"{\\\\\\"key1\\\\\\":\\\\\\"value1\\\\\\",\\\\\\"key2\\\\\\":\\\\\\"value2\\\\\\",\\\\\\"key3\\\\\\":\\\\\\"value3\\\\\\"}\\"}}",
            ],
          ],
        },
      },
      "Type": "Custom::AWS",
      "UpdateReplacePolicy": "Delete",
    },
    "MyFunctionWithMiddyInvokeMyFunctionWithMiddy1CustomResourcePolicyBB5292D0": Object {
      "Properties": Object {
        "PolicyDocument": Object {
          "Statement": Array [
            Object {
              "Action": "lambda:InvokeFunction",
              "Effect": "Allow",
              "Resource": Object {
                "Fn::GetAtt": Array [
                  "MyFunctionWithMiddy5CE6B16B",
                  "Arn",
                ],
              },
            },
          ],
          "Version": "2012-10-17",
        },
        "PolicyName": "MyFunctionWithMiddyInvokeMyFunctionWithMiddy1CustomResourcePolicyBB5292D0",
        "Roles": Array [
          Object {
            "Ref": "AWS679f53fac002430cb0da5b7982bd2287ServiceRoleC1EA0FF2",
          },
        ],
      },
      "Type": "AWS::IAM::Policy",
    },
    "MyFunctionWithMiddyInvokeMyFunctionWithMiddy1F613861E": Object {
      "DeletionPolicy": "Delete",
      "DependsOn": Array [
        "MyFunctionWithMiddyInvokeMyFunctionWithMiddy1CustomResourcePolicyBB5292D0",
      ],
      "Properties": Object {
        "Create": Object {
          "Fn::Join": Array [
            "",
            Array [
              "{\\"service\\":\\"Lambda\\",\\"action\\":\\"invoke\\",\\"physicalResourceId\\":{\\"id\\":\\"MyFunctionWithMiddy-1\\"},\\"parameters\\":{\\"FunctionName\\":\\"",
              Object {
                "Ref": "MyFunctionWithMiddy5CE6B16B",
              },
              "\\",\\"InvocationType\\":\\"RequestResponse\\",\\"Payload\\":\\"{\\\\\\"key1\\\\\\":\\\\\\"value1\\\\\\",\\\\\\"key2\\\\\\":\\\\\\"value2\\\\\\",\\\\\\"key3\\\\\\":\\\\\\"value3\\\\\\"}\\"}}",
            ],
          ],
        },
        "InstallLatestAwsSdk": true,
        "ServiceToken": Object {
          "Fn::GetAtt": Array [
            "AWS679f53fac002430cb0da5b7982bd22872D164C4C",
            "Arn",
          ],
        },
        "Update": Object {
          "Fn::Join": Array [
            "",
            Array [
              "{\\"service\\":\\"Lambda\\",\\"action\\":\\"invoke\\",\\"physicalResourceId\\":{\\"id\\":\\"MyFunctionWithMiddy-1\\"},\\"parameters\\":{\\"FunctionName\\":\\"",
              Object {
                "Ref": "MyFunctionWithMiddy5CE6B16B",
              },
              "\\",\\"InvocationType\\":\\"RequestResponse\\",\\"Payload\\":\\"{\\\\\\"key1\\\\\\":\\\\\\"value1\\\\\\",\\\\\\"key2\\\\\\":\\\\\\"value2\\\\\\",\\\\\\"key3\\\\\\":\\\\\\"value3\\\\\\"}\\"}}",
            ],
          ],
        },
      },
      "Type": "Custom::AWS",
      "UpdateReplacePolicy": "Delete",
    },
    "MyFunctionWithMiddyServiceRoleBAA61F0F": Object {
      "Properties": Object {
        "AssumeRolePolicyDocument": Object {
          "Statement": Array [
            Object {
              "Action": "sts:AssumeRole",
              "Effect": "Allow",
              "Principal": Object {
                "Service": "lambda.amazonaws.com",
              },
            },
          ],
          "Version": "2012-10-17",
        },
        "ManagedPolicyArns": Array [
          Object {
            "Fn::Join": Array [
              "",
              Array [
                "arn:",
                Object {
                  "Ref": "AWS::Partition",
                },
                ":iam::aws:policy/service-role/AWSLambdaBasicExecutionRole",
              ],
            ],
          },
        ],
      },
      "Type": "AWS::IAM::Role",
    },
    "MyFunctionWithMiddyServiceRoleDefaultPolicy02917862": Object {
      "Properties": Object {
        "PolicyDocument": Object {
          "Statement": Array [
            Object {
              "Action": Array [
                "xray:PutTraceSegments",
                "xray:PutTelemetryRecords",
              ],
              "Effect": "Allow",
              "Resource": "*",
            },
          ],
          "Version": "2012-10-17",
        },
        "PolicyName": "MyFunctionWithMiddyServiceRoleDefaultPolicy02917862",
        "Roles": Array [
          Object {
            "Ref": "MyFunctionWithMiddyServiceRoleBAA61F0F",
          },
        ],
      },
      "Type": "AWS::IAM::Policy",
    },
    "TracerCaptureErrorDisabled424656FE": Object {
      "DependsOn": Array [
        "TracerCaptureErrorDisabledServiceRoleDefaultPolicy06092688",
        "TracerCaptureErrorDisabledServiceRoleFA72D5D1",
      ],
      "Properties": Object {
        "Code": Object {
          "S3Bucket": Object {
            "Fn::Sub": "cdk-hnb659fds-assets-\${AWS::AccountId}-\${AWS::Region}",
          },
          "S3Key": "79082e31df61b7078058a5e3c8037d401d8cfd081cb7568e570c10e5f975d994.zip",
        },
        "Environment": Object {
          "Variables": Object {
            "AWS_NODEJS_CONNECTION_REUSE_ENABLED": "1",
          },
        },
        "Handler": "index.handler",
        "Role": Object {
          "Fn::GetAtt": Array [
            "TracerCaptureErrorDisabledServiceRoleFA72D5D1",
            "Arn",
          ],
        },
        "Runtime": "nodejs14.x",
        "TracingConfig": Object {
          "Mode": "Active",
        },
      },
      "Type": "AWS::Lambda::Function",
    },
    "TracerCaptureErrorDisabledInvokeTracerCaptureErrorDisabled04155B0AD": Object {
      "DeletionPolicy": "Delete",
      "DependsOn": Array [
        "TracerCaptureErrorDisabledInvokeTracerCaptureErrorDisabled0CustomResourcePolicyDE646A77",
      ],
      "Properties": Object {
        "Create": Object {
          "Fn::Join": Array [
            "",
            Array [
              "{\\"service\\":\\"Lambda\\",\\"action\\":\\"invoke\\",\\"physicalResourceId\\":{\\"id\\":\\"Tracer.CaptureErrorDisabled-0\\"},\\"parameters\\":{\\"FunctionName\\":\\"",
              Object {
                "Ref": "TracerCaptureErrorDisabled424656FE",
              },
              "\\",\\"InvocationType\\":\\"RequestResponse\\",\\"Payload\\":\\"{\\\\\\"key1\\\\\\":\\\\\\"value1\\\\\\",\\\\\\"key2\\\\\\":\\\\\\"value2\\\\\\",\\\\\\"key3\\\\\\":\\\\\\"value3\\\\\\"}\\"}}",
            ],
          ],
        },
        "InstallLatestAwsSdk": true,
        "ServiceToken": Object {
          "Fn::GetAtt": Array [
            "AWS679f53fac002430cb0da5b7982bd22872D164C4C",
            "Arn",
          ],
        },
        "Update": Object {
          "Fn::Join": Array [
            "",
            Array [
              "{\\"service\\":\\"Lambda\\",\\"action\\":\\"invoke\\",\\"physicalResourceId\\":{\\"id\\":\\"Tracer.CaptureErrorDisabled-0\\"},\\"parameters\\":{\\"FunctionName\\":\\"",
              Object {
                "Ref": "TracerCaptureErrorDisabled424656FE",
              },
              "\\",\\"InvocationType\\":\\"RequestResponse\\",\\"Payload\\":\\"{\\\\\\"key1\\\\\\":\\\\\\"value1\\\\\\",\\\\\\"key2\\\\\\":\\\\\\"value2\\\\\\",\\\\\\"key3\\\\\\":\\\\\\"value3\\\\\\"}\\"}}",
            ],
          ],
        },
      },
      "Type": "Custom::AWS",
      "UpdateReplacePolicy": "Delete",
    },
    "TracerCaptureErrorDisabledInvokeTracerCaptureErrorDisabled0CustomResourcePolicyDE646A77": Object {
      "Properties": Object {
        "PolicyDocument": Object {
          "Statement": Array [
            Object {
              "Action": "lambda:InvokeFunction",
              "Effect": "Allow",
              "Resource": Object {
                "Fn::GetAtt": Array [
                  "TracerCaptureErrorDisabled424656FE",
                  "Arn",
                ],
              },
            },
          ],
          "Version": "2012-10-17",
        },
        "PolicyName": "TracerCaptureErrorDisabledInvokeTracerCaptureErrorDisabled0CustomResourcePolicyDE646A77",
        "Roles": Array [
          Object {
            "Ref": "AWS679f53fac002430cb0da5b7982bd2287ServiceRoleC1EA0FF2",
          },
        ],
      },
      "Type": "AWS::IAM::Policy",
    },
    "TracerCaptureErrorDisabledInvokeTracerCaptureErrorDisabled19983A6AF": Object {
      "DeletionPolicy": "Delete",
      "DependsOn": Array [
        "TracerCaptureErrorDisabledInvokeTracerCaptureErrorDisabled1CustomResourcePolicy4329F781",
      ],
      "Properties": Object {
        "Create": Object {
          "Fn::Join": Array [
            "",
            Array [
              "{\\"service\\":\\"Lambda\\",\\"action\\":\\"invoke\\",\\"physicalResourceId\\":{\\"id\\":\\"Tracer.CaptureErrorDisabled-1\\"},\\"parameters\\":{\\"FunctionName\\":\\"",
              Object {
                "Ref": "TracerCaptureErrorDisabled424656FE",
              },
              "\\",\\"InvocationType\\":\\"RequestResponse\\",\\"Payload\\":\\"{\\\\\\"key1\\\\\\":\\\\\\"value1\\\\\\",\\\\\\"key2\\\\\\":\\\\\\"value2\\\\\\",\\\\\\"key3\\\\\\":\\\\\\"value3\\\\\\"}\\"}}",
            ],
          ],
        },
        "InstallLatestAwsSdk": true,
        "ServiceToken": Object {
          "Fn::GetAtt": Array [
            "AWS679f53fac002430cb0da5b7982bd22872D164C4C",
            "Arn",
          ],
        },
        "Update": Object {
          "Fn::Join": Array [
            "",
            Array [
              "{\\"service\\":\\"Lambda\\",\\"action\\":\\"invoke\\",\\"physicalResourceId\\":{\\"id\\":\\"Tracer.CaptureErrorDisabled-1\\"},\\"parameters\\":{\\"FunctionName\\":\\"",
              Object {
                "Ref": "TracerCaptureErrorDisabled424656FE",
              },
              "\\",\\"InvocationType\\":\\"RequestResponse\\",\\"Payload\\":\\"{\\\\\\"key1\\\\\\":\\\\\\"value1\\\\\\",\\\\\\"key2\\\\\\":\\\\\\"value2\\\\\\",\\\\\\"key3\\\\\\":\\\\\\"value3\\\\\\"}\\"}}",
            ],
          ],
        },
      },
      "Type": "Custom::AWS",
      "UpdateReplacePolicy": "Delete",
    },
    "TracerCaptureErrorDisabledInvokeTracerCaptureErrorDisabled1CustomResourcePolicy4329F781": Object {
      "Properties": Object {
        "PolicyDocument": Object {
          "Statement": Array [
            Object {
              "Action": "lambda:InvokeFunction",
              "Effect": "Allow",
              "Resource": Object {
                "Fn::GetAtt": Array [
                  "TracerCaptureErrorDisabled424656FE",
                  "Arn",
                ],
              },
            },
          ],
          "Version": "2012-10-17",
        },
        "PolicyName": "TracerCaptureErrorDisabledInvokeTracerCaptureErrorDisabled1CustomResourcePolicy4329F781",
        "Roles": Array [
          Object {
            "Ref": "AWS679f53fac002430cb0da5b7982bd2287ServiceRoleC1EA0FF2",
          },
        ],
      },
      "Type": "AWS::IAM::Policy",
    },
    "TracerCaptureErrorDisabledServiceRoleDefaultPolicy06092688": Object {
      "Properties": Object {
        "PolicyDocument": Object {
          "Statement": Array [
            Object {
              "Action": Array [
                "xray:PutTraceSegments",
                "xray:PutTelemetryRecords",
              ],
              "Effect": "Allow",
              "Resource": "*",
            },
          ],
          "Version": "2012-10-17",
        },
        "PolicyName": "TracerCaptureErrorDisabledServiceRoleDefaultPolicy06092688",
        "Roles": Array [
          Object {
            "Ref": "TracerCaptureErrorDisabledServiceRoleFA72D5D1",
          },
        ],
      },
      "Type": "AWS::IAM::Policy",
    },
    "TracerCaptureErrorDisabledServiceRoleFA72D5D1": Object {
      "Properties": Object {
        "AssumeRolePolicyDocument": Object {
          "Statement": Array [
            Object {
              "Action": "sts:AssumeRole",
              "Effect": "Allow",
              "Principal": Object {
                "Service": "lambda.amazonaws.com",
              },
            },
          ],
          "Version": "2012-10-17",
        },
        "ManagedPolicyArns": Array [
          Object {
            "Fn::Join": Array [
              "",
              Array [
                "arn:",
                Object {
                  "Ref": "AWS::Partition",
                },
                ":iam::aws:policy/service-role/AWSLambdaBasicExecutionRole",
              ],
            ],
          },
        ],
      },
      "Type": "AWS::IAM::Role",
    },
    "TracerCaptureResponseDisabledC7A5CD2A": Object {
      "DependsOn": Array [
        "TracerCaptureResponseDisabledServiceRoleDefaultPolicyAD497364",
        "TracerCaptureResponseDisabledServiceRoleC81151B0",
      ],
      "Properties": Object {
        "Code": Object {
          "S3Bucket": Object {
            "Fn::Sub": "cdk-hnb659fds-assets-\${AWS::AccountId}-\${AWS::Region}",
          },
          "S3Key": "b516fcb874312f8983df752c56fe3feecce8c88862999b2d073430d71a172492.zip",
        },
        "Environment": Object {
          "Variables": Object {
            "AWS_NODEJS_CONNECTION_REUSE_ENABLED": "1",
          },
        },
        "Handler": "index.handler",
        "Role": Object {
          "Fn::GetAtt": Array [
            "TracerCaptureResponseDisabledServiceRoleC81151B0",
            "Arn",
          ],
        },
        "Runtime": "nodejs14.x",
        "TracingConfig": Object {
          "Mode": "Active",
        },
      },
      "Type": "AWS::Lambda::Function",
    },
    "TracerCaptureResponseDisabledInvokeTracerCaptureResponseDisabled03DA4E5C1": Object {
      "DeletionPolicy": "Delete",
      "DependsOn": Array [
        "TracerCaptureResponseDisabledInvokeTracerCaptureResponseDisabled0CustomResourcePolicy3AF572FA",
      ],
      "Properties": Object {
        "Create": Object {
          "Fn::Join": Array [
            "",
            Array [
              "{\\"service\\":\\"Lambda\\",\\"action\\":\\"invoke\\",\\"physicalResourceId\\":{\\"id\\":\\"Tracer.CaptureResponseDisabled-0\\"},\\"parameters\\":{\\"FunctionName\\":\\"",
              Object {
                "Ref": "TracerCaptureResponseDisabledC7A5CD2A",
              },
              "\\",\\"InvocationType\\":\\"RequestResponse\\",\\"Payload\\":\\"{\\\\\\"key1\\\\\\":\\\\\\"value1\\\\\\",\\\\\\"key2\\\\\\":\\\\\\"value2\\\\\\",\\\\\\"key3\\\\\\":\\\\\\"value3\\\\\\"}\\"}}",
            ],
          ],
        },
        "InstallLatestAwsSdk": true,
        "ServiceToken": Object {
          "Fn::GetAtt": Array [
            "AWS679f53fac002430cb0da5b7982bd22872D164C4C",
            "Arn",
          ],
        },
        "Update": Object {
          "Fn::Join": Array [
            "",
            Array [
              "{\\"service\\":\\"Lambda\\",\\"action\\":\\"invoke\\",\\"physicalResourceId\\":{\\"id\\":\\"Tracer.CaptureResponseDisabled-0\\"},\\"parameters\\":{\\"FunctionName\\":\\"",
              Object {
                "Ref": "TracerCaptureResponseDisabledC7A5CD2A",
              },
              "\\",\\"InvocationType\\":\\"RequestResponse\\",\\"Payload\\":\\"{\\\\\\"key1\\\\\\":\\\\\\"value1\\\\\\",\\\\\\"key2\\\\\\":\\\\\\"value2\\\\\\",\\\\\\"key3\\\\\\":\\\\\\"value3\\\\\\"}\\"}}",
            ],
          ],
        },
      },
      "Type": "Custom::AWS",
      "UpdateReplacePolicy": "Delete",
    },
    "TracerCaptureResponseDisabledInvokeTracerCaptureResponseDisabled0CustomResourcePolicy3AF572FA": Object {
      "Properties": Object {
        "PolicyDocument": Object {
          "Statement": Array [
            Object {
              "Action": "lambda:InvokeFunction",
              "Effect": "Allow",
              "Resource": Object {
                "Fn::GetAtt": Array [
                  "TracerCaptureResponseDisabledC7A5CD2A",
                  "Arn",
                ],
              },
            },
          ],
          "Version": "2012-10-17",
        },
        "PolicyName": "TracerCaptureResponseDisabledInvokeTracerCaptureResponseDisabled0CustomResourcePolicy3AF572FA",
        "Roles": Array [
          Object {
            "Ref": "AWS679f53fac002430cb0da5b7982bd2287ServiceRoleC1EA0FF2",
          },
        ],
      },
      "Type": "AWS::IAM::Policy",
    },
    "TracerCaptureResponseDisabledInvokeTracerCaptureResponseDisabled18C5D29BD": Object {
      "DeletionPolicy": "Delete",
      "DependsOn": Array [
        "TracerCaptureResponseDisabledInvokeTracerCaptureResponseDisabled1CustomResourcePolicy2D225515",
      ],
      "Properties": Object {
        "Create": Object {
          "Fn::Join": Array [
            "",
            Array [
              "{\\"service\\":\\"Lambda\\",\\"action\\":\\"invoke\\",\\"physicalResourceId\\":{\\"id\\":\\"Tracer.CaptureResponseDisabled-1\\"},\\"parameters\\":{\\"FunctionName\\":\\"",
              Object {
                "Ref": "TracerCaptureResponseDisabledC7A5CD2A",
              },
              "\\",\\"InvocationType\\":\\"RequestResponse\\",\\"Payload\\":\\"{\\\\\\"key1\\\\\\":\\\\\\"value1\\\\\\",\\\\\\"key2\\\\\\":\\\\\\"value2\\\\\\",\\\\\\"key3\\\\\\":\\\\\\"value3\\\\\\"}\\"}}",
            ],
          ],
        },
        "InstallLatestAwsSdk": true,
        "ServiceToken": Object {
          "Fn::GetAtt": Array [
            "AWS679f53fac002430cb0da5b7982bd22872D164C4C",
            "Arn",
          ],
        },
        "Update": Object {
          "Fn::Join": Array [
            "",
            Array [
              "{\\"service\\":\\"Lambda\\",\\"action\\":\\"invoke\\",\\"physicalResourceId\\":{\\"id\\":\\"Tracer.CaptureResponseDisabled-1\\"},\\"parameters\\":{\\"FunctionName\\":\\"",
              Object {
                "Ref": "TracerCaptureResponseDisabledC7A5CD2A",
              },
              "\\",\\"InvocationType\\":\\"RequestResponse\\",\\"Payload\\":\\"{\\\\\\"key1\\\\\\":\\\\\\"value1\\\\\\",\\\\\\"key2\\\\\\":\\\\\\"value2\\\\\\",\\\\\\"key3\\\\\\":\\\\\\"value3\\\\\\"}\\"}}",
            ],
          ],
        },
      },
      "Type": "Custom::AWS",
      "UpdateReplacePolicy": "Delete",
    },
    "TracerCaptureResponseDisabledInvokeTracerCaptureResponseDisabled1CustomResourcePolicy2D225515": Object {
      "Properties": Object {
        "PolicyDocument": Object {
          "Statement": Array [
            Object {
              "Action": "lambda:InvokeFunction",
              "Effect": "Allow",
              "Resource": Object {
                "Fn::GetAtt": Array [
                  "TracerCaptureResponseDisabledC7A5CD2A",
                  "Arn",
                ],
              },
            },
          ],
          "Version": "2012-10-17",
        },
        "PolicyName": "TracerCaptureResponseDisabledInvokeTracerCaptureResponseDisabled1CustomResourcePolicy2D225515",
        "Roles": Array [
          Object {
            "Ref": "AWS679f53fac002430cb0da5b7982bd2287ServiceRoleC1EA0FF2",
          },
        ],
      },
      "Type": "AWS::IAM::Policy",
    },
    "TracerCaptureResponseDisabledServiceRoleC81151B0": Object {
      "Properties": Object {
        "AssumeRolePolicyDocument": Object {
          "Statement": Array [
            Object {
              "Action": "sts:AssumeRole",
              "Effect": "Allow",
              "Principal": Object {
                "Service": "lambda.amazonaws.com",
              },
            },
          ],
          "Version": "2012-10-17",
        },
        "ManagedPolicyArns": Array [
          Object {
            "Fn::Join": Array [
              "",
              Array [
                "arn:",
                Object {
                  "Ref": "AWS::Partition",
                },
                ":iam::aws:policy/service-role/AWSLambdaBasicExecutionRole",
              ],
            ],
          },
        ],
      },
      "Type": "AWS::IAM::Role",
    },
    "TracerCaptureResponseDisabledServiceRoleDefaultPolicyAD497364": Object {
      "Properties": Object {
        "PolicyDocument": Object {
          "Statement": Array [
            Object {
              "Action": Array [
                "xray:PutTraceSegments",
                "xray:PutTelemetryRecords",
              ],
              "Effect": "Allow",
              "Resource": "*",
            },
          ],
          "Version": "2012-10-17",
        },
        "PolicyName": "TracerCaptureResponseDisabledServiceRoleDefaultPolicyAD497364",
        "Roles": Array [
          Object {
            "Ref": "TracerCaptureResponseDisabledServiceRoleC81151B0",
          },
        ],
      },
      "Type": "AWS::IAM::Policy",
    },
    "TracerDecoratorC82A7F31": Object {
      "DependsOn": Array [
        "TracerDecoratorServiceRoleDefaultPolicy910F04C2",
        "TracerDecoratorServiceRoleA7852B5F",
      ],
      "Properties": Object {
        "Code": Object {
          "S3Bucket": Object {
            "Fn::Sub": "cdk-hnb659fds-assets-\${AWS::AccountId}-\${AWS::Region}",
          },
          "S3Key": "434204b6e294070d1eb68bea339a911cff75bea7c1e3afc0e6d36b2efd486a22.zip",
        },
        "Environment": Object {
          "Variables": Object {
            "AWS_NODEJS_CONNECTION_REUSE_ENABLED": "1",
          },
        },
        "Handler": "index.handler",
        "Role": Object {
          "Fn::GetAtt": Array [
            "TracerDecoratorServiceRoleA7852B5F",
            "Arn",
          ],
        },
        "Runtime": "nodejs14.x",
        "TracingConfig": Object {
          "Mode": "Active",
        },
      },
      "Type": "AWS::Lambda::Function",
    },
    "TracerDecoratorInvokeTracerDecorator07010B74D": Object {
      "DeletionPolicy": "Delete",
      "DependsOn": Array [
        "TracerDecoratorInvokeTracerDecorator0CustomResourcePolicy0D393F66",
      ],
      "Properties": Object {
        "Create": Object {
          "Fn::Join": Array [
            "",
            Array [
              "{\\"service\\":\\"Lambda\\",\\"action\\":\\"invoke\\",\\"physicalResourceId\\":{\\"id\\":\\"Tracer.Decorator-0\\"},\\"parameters\\":{\\"FunctionName\\":\\"",
              Object {
                "Ref": "TracerDecoratorC82A7F31",
              },
              "\\",\\"InvocationType\\":\\"RequestResponse\\",\\"Payload\\":\\"{\\\\\\"key1\\\\\\":\\\\\\"value1\\\\\\",\\\\\\"key2\\\\\\":\\\\\\"value2\\\\\\",\\\\\\"key3\\\\\\":\\\\\\"value3\\\\\\"}\\"}}",
            ],
          ],
        },
        "InstallLatestAwsSdk": true,
        "ServiceToken": Object {
          "Fn::GetAtt": Array [
            "AWS679f53fac002430cb0da5b7982bd22872D164C4C",
            "Arn",
          ],
        },
        "Update": Object {
          "Fn::Join": Array [
            "",
            Array [
              "{\\"service\\":\\"Lambda\\",\\"action\\":\\"invoke\\",\\"physicalResourceId\\":{\\"id\\":\\"Tracer.Decorator-0\\"},\\"parameters\\":{\\"FunctionName\\":\\"",
              Object {
                "Ref": "TracerDecoratorC82A7F31",
              },
              "\\",\\"InvocationType\\":\\"RequestResponse\\",\\"Payload\\":\\"{\\\\\\"key1\\\\\\":\\\\\\"value1\\\\\\",\\\\\\"key2\\\\\\":\\\\\\"value2\\\\\\",\\\\\\"key3\\\\\\":\\\\\\"value3\\\\\\"}\\"}}",
            ],
          ],
        },
      },
      "Type": "Custom::AWS",
      "UpdateReplacePolicy": "Delete",
    },
    "TracerDecoratorInvokeTracerDecorator0CustomResourcePolicy0D393F66": Object {
      "Properties": Object {
        "PolicyDocument": Object {
          "Statement": Array [
            Object {
              "Action": "lambda:InvokeFunction",
              "Effect": "Allow",
              "Resource": Object {
                "Fn::GetAtt": Array [
                  "TracerDecoratorC82A7F31",
                  "Arn",
                ],
              },
            },
          ],
          "Version": "2012-10-17",
        },
        "PolicyName": "TracerDecoratorInvokeTracerDecorator0CustomResourcePolicy0D393F66",
        "Roles": Array [
          Object {
            "Ref": "AWS679f53fac002430cb0da5b7982bd2287ServiceRoleC1EA0FF2",
          },
        ],
      },
      "Type": "AWS::IAM::Policy",
    },
    "TracerDecoratorInvokeTracerDecorator1CustomResourcePolicy31871B27": Object {
      "Properties": Object {
        "PolicyDocument": Object {
          "Statement": Array [
            Object {
              "Action": "lambda:InvokeFunction",
              "Effect": "Allow",
              "Resource": Object {
                "Fn::GetAtt": Array [
                  "TracerDecoratorC82A7F31",
                  "Arn",
                ],
              },
            },
          ],
          "Version": "2012-10-17",
        },
        "PolicyName": "TracerDecoratorInvokeTracerDecorator1CustomResourcePolicy31871B27",
        "Roles": Array [
          Object {
            "Ref": "AWS679f53fac002430cb0da5b7982bd2287ServiceRoleC1EA0FF2",
          },
        ],
      },
      "Type": "AWS::IAM::Policy",
    },
    "TracerDecoratorInvokeTracerDecorator1F1486DED": Object {
      "DeletionPolicy": "Delete",
      "DependsOn": Array [
        "TracerDecoratorInvokeTracerDecorator1CustomResourcePolicy31871B27",
      ],
      "Properties": Object {
        "Create": Object {
          "Fn::Join": Array [
            "",
            Array [
              "{\\"service\\":\\"Lambda\\",\\"action\\":\\"invoke\\",\\"physicalResourceId\\":{\\"id\\":\\"Tracer.Decorator-1\\"},\\"parameters\\":{\\"FunctionName\\":\\"",
              Object {
                "Ref": "TracerDecoratorC82A7F31",
              },
              "\\",\\"InvocationType\\":\\"RequestResponse\\",\\"Payload\\":\\"{\\\\\\"key1\\\\\\":\\\\\\"value1\\\\\\",\\\\\\"key2\\\\\\":\\\\\\"value2\\\\\\",\\\\\\"key3\\\\\\":\\\\\\"value3\\\\\\"}\\"}}",
            ],
          ],
        },
        "InstallLatestAwsSdk": true,
        "ServiceToken": Object {
          "Fn::GetAtt": Array [
            "AWS679f53fac002430cb0da5b7982bd22872D164C4C",
            "Arn",
          ],
        },
        "Update": Object {
          "Fn::Join": Array [
            "",
            Array [
              "{\\"service\\":\\"Lambda\\",\\"action\\":\\"invoke\\",\\"physicalResourceId\\":{\\"id\\":\\"Tracer.Decorator-1\\"},\\"parameters\\":{\\"FunctionName\\":\\"",
              Object {
                "Ref": "TracerDecoratorC82A7F31",
              },
              "\\",\\"InvocationType\\":\\"RequestResponse\\",\\"Payload\\":\\"{\\\\\\"key1\\\\\\":\\\\\\"value1\\\\\\",\\\\\\"key2\\\\\\":\\\\\\"value2\\\\\\",\\\\\\"key3\\\\\\":\\\\\\"value3\\\\\\"}\\"}}",
            ],
          ],
        },
      },
      "Type": "Custom::AWS",
      "UpdateReplacePolicy": "Delete",
    },
    "TracerDecoratorServiceRoleA7852B5F": Object {
      "Properties": Object {
        "AssumeRolePolicyDocument": Object {
          "Statement": Array [
            Object {
              "Action": "sts:AssumeRole",
              "Effect": "Allow",
              "Principal": Object {
                "Service": "lambda.amazonaws.com",
              },
            },
          ],
          "Version": "2012-10-17",
        },
        "ManagedPolicyArns": Array [
          Object {
            "Fn::Join": Array [
              "",
              Array [
                "arn:",
                Object {
                  "Ref": "AWS::Partition",
                },
                ":iam::aws:policy/service-role/AWSLambdaBasicExecutionRole",
              ],
            ],
          },
        ],
      },
      "Type": "AWS::IAM::Role",
    },
    "TracerDecoratorServiceRoleDefaultPolicy910F04C2": Object {
      "Properties": Object {
        "PolicyDocument": Object {
          "Statement": Array [
            Object {
              "Action": Array [
                "xray:PutTraceSegments",
                "xray:PutTelemetryRecords",
              ],
              "Effect": "Allow",
              "Resource": "*",
            },
          ],
          "Version": "2012-10-17",
        },
        "PolicyName": "TracerDecoratorServiceRoleDefaultPolicy910F04C2",
        "Roles": Array [
          Object {
            "Ref": "TracerDecoratorServiceRoleA7852B5F",
          },
        ],
      },
      "Type": "AWS::IAM::Policy",
    },
    "TracerDisabledD7EC20F6": Object {
      "DependsOn": Array [
        "TracerDisabledServiceRoleDefaultPolicy388268D4",
        "TracerDisabledServiceRole5383CBE3",
      ],
      "Properties": Object {
        "Code": Object {
          "S3Bucket": Object {
            "Fn::Sub": "cdk-hnb659fds-assets-\${AWS::AccountId}-\${AWS::Region}",
          },
          "S3Key": "847753aac9b0b9dfe99ef270fa7f57e9441bdc71aa9d9a85efcec16472fd6fe4.zip",
        },
        "Environment": Object {
          "Variables": Object {
            "AWS_NODEJS_CONNECTION_REUSE_ENABLED": "1",
          },
        },
        "Handler": "index.handler",
        "Role": Object {
          "Fn::GetAtt": Array [
            "TracerDisabledServiceRole5383CBE3",
            "Arn",
          ],
        },
        "Runtime": "nodejs14.x",
        "TracingConfig": Object {
          "Mode": "Active",
        },
      },
      "Type": "AWS::Lambda::Function",
    },
    "TracerDisabledInvokeTracerDisabled08A25757E": Object {
      "DeletionPolicy": "Delete",
      "DependsOn": Array [
        "TracerDisabledInvokeTracerDisabled0CustomResourcePolicyDAD72222",
      ],
      "Properties": Object {
        "Create": Object {
          "Fn::Join": Array [
            "",
            Array [
              "{\\"service\\":\\"Lambda\\",\\"action\\":\\"invoke\\",\\"physicalResourceId\\":{\\"id\\":\\"Tracer.Disabled-0\\"},\\"parameters\\":{\\"FunctionName\\":\\"",
              Object {
                "Ref": "TracerDisabledD7EC20F6",
              },
              "\\",\\"InvocationType\\":\\"RequestResponse\\",\\"Payload\\":\\"{\\\\\\"key1\\\\\\":\\\\\\"value1\\\\\\",\\\\\\"key2\\\\\\":\\\\\\"value2\\\\\\",\\\\\\"key3\\\\\\":\\\\\\"value3\\\\\\"}\\"}}",
            ],
          ],
        },
        "InstallLatestAwsSdk": true,
        "ServiceToken": Object {
          "Fn::GetAtt": Array [
            "AWS679f53fac002430cb0da5b7982bd22872D164C4C",
            "Arn",
          ],
        },
        "Update": Object {
          "Fn::Join": Array [
            "",
            Array [
              "{\\"service\\":\\"Lambda\\",\\"action\\":\\"invoke\\",\\"physicalResourceId\\":{\\"id\\":\\"Tracer.Disabled-0\\"},\\"parameters\\":{\\"FunctionName\\":\\"",
              Object {
                "Ref": "TracerDisabledD7EC20F6",
              },
              "\\",\\"InvocationType\\":\\"RequestResponse\\",\\"Payload\\":\\"{\\\\\\"key1\\\\\\":\\\\\\"value1\\\\\\",\\\\\\"key2\\\\\\":\\\\\\"value2\\\\\\",\\\\\\"key3\\\\\\":\\\\\\"value3\\\\\\"}\\"}}",
            ],
          ],
        },
      },
      "Type": "Custom::AWS",
      "UpdateReplacePolicy": "Delete",
    },
    "TracerDisabledInvokeTracerDisabled0CustomResourcePolicyDAD72222": Object {
      "Properties": Object {
        "PolicyDocument": Object {
          "Statement": Array [
            Object {
              "Action": "lambda:InvokeFunction",
              "Effect": "Allow",
              "Resource": Object {
                "Fn::GetAtt": Array [
                  "TracerDisabledD7EC20F6",
                  "Arn",
                ],
              },
            },
          ],
          "Version": "2012-10-17",
        },
        "PolicyName": "TracerDisabledInvokeTracerDisabled0CustomResourcePolicyDAD72222",
        "Roles": Array [
          Object {
            "Ref": "AWS679f53fac002430cb0da5b7982bd2287ServiceRoleC1EA0FF2",
          },
        ],
      },
      "Type": "AWS::IAM::Policy",
    },
    "TracerDisabledInvokeTracerDisabled13F70FBA3": Object {
      "DeletionPolicy": "Delete",
      "DependsOn": Array [
        "TracerDisabledInvokeTracerDisabled1CustomResourcePolicy9B5FF62A",
      ],
      "Properties": Object {
        "Create": Object {
          "Fn::Join": Array [
            "",
            Array [
              "{\\"service\\":\\"Lambda\\",\\"action\\":\\"invoke\\",\\"physicalResourceId\\":{\\"id\\":\\"Tracer.Disabled-1\\"},\\"parameters\\":{\\"FunctionName\\":\\"",
              Object {
                "Ref": "TracerDisabledD7EC20F6",
              },
              "\\",\\"InvocationType\\":\\"RequestResponse\\",\\"Payload\\":\\"{\\\\\\"key1\\\\\\":\\\\\\"value1\\\\\\",\\\\\\"key2\\\\\\":\\\\\\"value2\\\\\\",\\\\\\"key3\\\\\\":\\\\\\"value3\\\\\\"}\\"}}",
            ],
          ],
        },
        "InstallLatestAwsSdk": true,
        "ServiceToken": Object {
          "Fn::GetAtt": Array [
            "AWS679f53fac002430cb0da5b7982bd22872D164C4C",
            "Arn",
          ],
        },
        "Update": Object {
          "Fn::Join": Array [
            "",
            Array [
              "{\\"service\\":\\"Lambda\\",\\"action\\":\\"invoke\\",\\"physicalResourceId\\":{\\"id\\":\\"Tracer.Disabled-1\\"},\\"parameters\\":{\\"FunctionName\\":\\"",
              Object {
                "Ref": "TracerDisabledD7EC20F6",
              },
              "\\",\\"InvocationType\\":\\"RequestResponse\\",\\"Payload\\":\\"{\\\\\\"key1\\\\\\":\\\\\\"value1\\\\\\",\\\\\\"key2\\\\\\":\\\\\\"value2\\\\\\",\\\\\\"key3\\\\\\":\\\\\\"value3\\\\\\"}\\"}}",
            ],
          ],
        },
      },
      "Type": "Custom::AWS",
      "UpdateReplacePolicy": "Delete",
    },
    "TracerDisabledInvokeTracerDisabled1CustomResourcePolicy9B5FF62A": Object {
      "Properties": Object {
        "PolicyDocument": Object {
          "Statement": Array [
            Object {
              "Action": "lambda:InvokeFunction",
              "Effect": "Allow",
              "Resource": Object {
                "Fn::GetAtt": Array [
                  "TracerDisabledD7EC20F6",
                  "Arn",
                ],
              },
            },
          ],
          "Version": "2012-10-17",
        },
        "PolicyName": "TracerDisabledInvokeTracerDisabled1CustomResourcePolicy9B5FF62A",
        "Roles": Array [
          Object {
            "Ref": "AWS679f53fac002430cb0da5b7982bd2287ServiceRoleC1EA0FF2",
          },
        ],
      },
      "Type": "AWS::IAM::Policy",
    },
    "TracerDisabledServiceRole5383CBE3": Object {
      "Properties": Object {
        "AssumeRolePolicyDocument": Object {
          "Statement": Array [
            Object {
              "Action": "sts:AssumeRole",
              "Effect": "Allow",
              "Principal": Object {
                "Service": "lambda.amazonaws.com",
              },
            },
          ],
          "Version": "2012-10-17",
        },
        "ManagedPolicyArns": Array [
          Object {
            "Fn::Join": Array [
              "",
              Array [
                "arn:",
                Object {
                  "Ref": "AWS::Partition",
                },
                ":iam::aws:policy/service-role/AWSLambdaBasicExecutionRole",
              ],
            ],
          },
        ],
      },
      "Type": "AWS::IAM::Role",
    },
    "TracerDisabledServiceRoleDefaultPolicy388268D4": Object {
      "Properties": Object {
        "PolicyDocument": Object {
          "Statement": Array [
            Object {
              "Action": Array [
                "xray:PutTraceSegments",
                "xray:PutTelemetryRecords",
              ],
              "Effect": "Allow",
              "Resource": "*",
            },
          ],
          "Version": "2012-10-17",
        },
        "PolicyName": "TracerDisabledServiceRoleDefaultPolicy388268D4",
        "Roles": Array [
          Object {
            "Ref": "TracerDisabledServiceRole5383CBE3",
          },
        ],
      },
      "Type": "AWS::IAM::Policy",
    },
    "TracerManual71FD6EF9": Object {
      "DependsOn": Array [
        "TracerManualServiceRoleDefaultPolicy0E689CB8",
        "TracerManualServiceRole34FA748E",
      ],
      "Properties": Object {
        "Code": Object {
          "S3Bucket": Object {
            "Fn::Sub": "cdk-hnb659fds-assets-\${AWS::AccountId}-\${AWS::Region}",
          },
          "S3Key": "28f43d36d10d2503626697d384b80cd6ebd913973f4b61e3793b06e1a7f5020f.zip",
        },
        "Environment": Object {
          "Variables": Object {
            "AWS_NODEJS_CONNECTION_REUSE_ENABLED": "1",
          },
        },
        "Handler": "index.handler",
        "Role": Object {
          "Fn::GetAtt": Array [
            "TracerManualServiceRole34FA748E",
            "Arn",
          ],
        },
        "Runtime": "nodejs14.x",
        "TracingConfig": Object {
          "Mode": "Active",
        },
      },
      "Type": "AWS::Lambda::Function",
    },
    "TracerManualInvokeTracerManual09131D2BC": Object {
      "DeletionPolicy": "Delete",
      "DependsOn": Array [
        "TracerManualInvokeTracerManual0CustomResourcePolicy9A7B9D3A",
      ],
      "Properties": Object {
        "Create": Object {
          "Fn::Join": Array [
            "",
            Array [
              "{\\"service\\":\\"Lambda\\",\\"action\\":\\"invoke\\",\\"physicalResourceId\\":{\\"id\\":\\"Tracer.Manual-0\\"},\\"parameters\\":{\\"FunctionName\\":\\"",
              Object {
                "Ref": "TracerManual71FD6EF9",
              },
              "\\",\\"InvocationType\\":\\"RequestResponse\\",\\"Payload\\":\\"{\\\\\\"key1\\\\\\":\\\\\\"value1\\\\\\",\\\\\\"key2\\\\\\":\\\\\\"value2\\\\\\",\\\\\\"key3\\\\\\":\\\\\\"value3\\\\\\"}\\"}}",
            ],
          ],
        },
        "InstallLatestAwsSdk": true,
        "ServiceToken": Object {
          "Fn::GetAtt": Array [
            "AWS679f53fac002430cb0da5b7982bd22872D164C4C",
            "Arn",
          ],
        },
        "Update": Object {
          "Fn::Join": Array [
            "",
            Array [
              "{\\"service\\":\\"Lambda\\",\\"action\\":\\"invoke\\",\\"physicalResourceId\\":{\\"id\\":\\"Tracer.Manual-0\\"},\\"parameters\\":{\\"FunctionName\\":\\"",
              Object {
                "Ref": "TracerManual71FD6EF9",
              },
              "\\",\\"InvocationType\\":\\"RequestResponse\\",\\"Payload\\":\\"{\\\\\\"key1\\\\\\":\\\\\\"value1\\\\\\",\\\\\\"key2\\\\\\":\\\\\\"value2\\\\\\",\\\\\\"key3\\\\\\":\\\\\\"value3\\\\\\"}\\"}}",
            ],
          ],
        },
      },
      "Type": "Custom::AWS",
      "UpdateReplacePolicy": "Delete",
    },
    "TracerManualInvokeTracerManual0CustomResourcePolicy9A7B9D3A": Object {
      "Properties": Object {
        "PolicyDocument": Object {
          "Statement": Array [
            Object {
              "Action": "lambda:InvokeFunction",
              "Effect": "Allow",
              "Resource": Object {
                "Fn::GetAtt": Array [
                  "TracerManual71FD6EF9",
                  "Arn",
                ],
              },
            },
          ],
          "Version": "2012-10-17",
        },
        "PolicyName": "TracerManualInvokeTracerManual0CustomResourcePolicy9A7B9D3A",
        "Roles": Array [
          Object {
            "Ref": "AWS679f53fac002430cb0da5b7982bd2287ServiceRoleC1EA0FF2",
          },
        ],
      },
      "Type": "AWS::IAM::Policy",
    },
    "TracerManualInvokeTracerManual1028E8AD3": Object {
      "DeletionPolicy": "Delete",
      "DependsOn": Array [
        "TracerManualInvokeTracerManual1CustomResourcePolicy3D7ABB71",
      ],
      "Properties": Object {
        "Create": Object {
          "Fn::Join": Array [
            "",
            Array [
              "{\\"service\\":\\"Lambda\\",\\"action\\":\\"invoke\\",\\"physicalResourceId\\":{\\"id\\":\\"Tracer.Manual-1\\"},\\"parameters\\":{\\"FunctionName\\":\\"",
              Object {
                "Ref": "TracerManual71FD6EF9",
              },
              "\\",\\"InvocationType\\":\\"RequestResponse\\",\\"Payload\\":\\"{\\\\\\"key1\\\\\\":\\\\\\"value1\\\\\\",\\\\\\"key2\\\\\\":\\\\\\"value2\\\\\\",\\\\\\"key3\\\\\\":\\\\\\"value3\\\\\\"}\\"}}",
            ],
          ],
        },
        "InstallLatestAwsSdk": true,
        "ServiceToken": Object {
          "Fn::GetAtt": Array [
            "AWS679f53fac002430cb0da5b7982bd22872D164C4C",
            "Arn",
          ],
        },
        "Update": Object {
          "Fn::Join": Array [
            "",
            Array [
              "{\\"service\\":\\"Lambda\\",\\"action\\":\\"invoke\\",\\"physicalResourceId\\":{\\"id\\":\\"Tracer.Manual-1\\"},\\"parameters\\":{\\"FunctionName\\":\\"",
              Object {
                "Ref": "TracerManual71FD6EF9",
              },
              "\\",\\"InvocationType\\":\\"RequestResponse\\",\\"Payload\\":\\"{\\\\\\"key1\\\\\\":\\\\\\"value1\\\\\\",\\\\\\"key2\\\\\\":\\\\\\"value2\\\\\\",\\\\\\"key3\\\\\\":\\\\\\"value3\\\\\\"}\\"}}",
            ],
          ],
        },
      },
      "Type": "Custom::AWS",
      "UpdateReplacePolicy": "Delete",
    },
    "TracerManualInvokeTracerManual1CustomResourcePolicy3D7ABB71": Object {
      "Properties": Object {
        "PolicyDocument": Object {
          "Statement": Array [
            Object {
              "Action": "lambda:InvokeFunction",
              "Effect": "Allow",
              "Resource": Object {
                "Fn::GetAtt": Array [
                  "TracerManual71FD6EF9",
                  "Arn",
                ],
              },
            },
          ],
          "Version": "2012-10-17",
        },
        "PolicyName": "TracerManualInvokeTracerManual1CustomResourcePolicy3D7ABB71",
        "Roles": Array [
          Object {
            "Ref": "AWS679f53fac002430cb0da5b7982bd2287ServiceRoleC1EA0FF2",
          },
        ],
      },
      "Type": "AWS::IAM::Policy",
    },
    "TracerManualServiceRole34FA748E": Object {
      "Properties": Object {
        "AssumeRolePolicyDocument": Object {
          "Statement": Array [
            Object {
              "Action": "sts:AssumeRole",
              "Effect": "Allow",
              "Principal": Object {
                "Service": "lambda.amazonaws.com",
              },
            },
          ],
          "Version": "2012-10-17",
        },
        "ManagedPolicyArns": Array [
          Object {
            "Fn::Join": Array [
              "",
              Array [
                "arn:",
                Object {
                  "Ref": "AWS::Partition",
                },
                ":iam::aws:policy/service-role/AWSLambdaBasicExecutionRole",
              ],
            ],
          },
        ],
      },
      "Type": "AWS::IAM::Role",
    },
    "TracerManualServiceRoleDefaultPolicy0E689CB8": Object {
      "Properties": Object {
        "PolicyDocument": Object {
          "Statement": Array [
            Object {
              "Action": Array [
                "xray:PutTraceSegments",
                "xray:PutTelemetryRecords",
              ],
              "Effect": "Allow",
              "Resource": "*",
            },
          ],
          "Version": "2012-10-17",
        },
        "PolicyName": "TracerManualServiceRoleDefaultPolicy0E689CB8",
        "Roles": Array [
          Object {
            "Ref": "TracerManualServiceRole34FA748E",
          },
        ],
      },
      "Type": "AWS::IAM::Policy",
    },
    "TracerMiddleware8BD589FB": Object {
      "DependsOn": Array [
        "TracerMiddlewareServiceRoleDefaultPolicyD1DEC2B2",
        "TracerMiddlewareServiceRole01226B51",
      ],
      "Properties": Object {
        "Code": Object {
          "S3Bucket": Object {
            "Fn::Sub": "cdk-hnb659fds-assets-\${AWS::AccountId}-\${AWS::Region}",
          },
          "S3Key": "e19f6526e0b6fd0996200ad5140993c92320f788a019606a7afa6db3557c30c8.zip",
        },
        "Environment": Object {
          "Variables": Object {
            "AWS_NODEJS_CONNECTION_REUSE_ENABLED": "1",
          },
        },
        "Handler": "index.handler",
        "Role": Object {
          "Fn::GetAtt": Array [
            "TracerMiddlewareServiceRole01226B51",
            "Arn",
          ],
        },
        "Runtime": "nodejs14.x",
        "TracingConfig": Object {
          "Mode": "Active",
        },
      },
      "Type": "AWS::Lambda::Function",
    },
    "TracerMiddlewareInvokeTracerMiddleware09BA2CE84": Object {
      "DeletionPolicy": "Delete",
      "DependsOn": Array [
        "TracerMiddlewareInvokeTracerMiddleware0CustomResourcePolicy159EB2AA",
      ],
      "Properties": Object {
        "Create": Object {
          "Fn::Join": Array [
            "",
            Array [
              "{\\"service\\":\\"Lambda\\",\\"action\\":\\"invoke\\",\\"physicalResourceId\\":{\\"id\\":\\"Tracer.Middleware-0\\"},\\"parameters\\":{\\"FunctionName\\":\\"",
              Object {
                "Ref": "TracerMiddleware8BD589FB",
              },
              "\\",\\"InvocationType\\":\\"RequestResponse\\",\\"Payload\\":\\"{\\\\\\"key1\\\\\\":\\\\\\"value1\\\\\\",\\\\\\"key2\\\\\\":\\\\\\"value2\\\\\\",\\\\\\"key3\\\\\\":\\\\\\"value3\\\\\\"}\\"}}",
            ],
          ],
        },
        "InstallLatestAwsSdk": true,
        "ServiceToken": Object {
          "Fn::GetAtt": Array [
            "AWS679f53fac002430cb0da5b7982bd22872D164C4C",
            "Arn",
          ],
        },
        "Update": Object {
          "Fn::Join": Array [
            "",
            Array [
              "{\\"service\\":\\"Lambda\\",\\"action\\":\\"invoke\\",\\"physicalResourceId\\":{\\"id\\":\\"Tracer.Middleware-0\\"},\\"parameters\\":{\\"FunctionName\\":\\"",
              Object {
                "Ref": "TracerMiddleware8BD589FB",
              },
              "\\",\\"InvocationType\\":\\"RequestResponse\\",\\"Payload\\":\\"{\\\\\\"key1\\\\\\":\\\\\\"value1\\\\\\",\\\\\\"key2\\\\\\":\\\\\\"value2\\\\\\",\\\\\\"key3\\\\\\":\\\\\\"value3\\\\\\"}\\"}}",
            ],
          ],
        },
      },
      "Type": "Custom::AWS",
      "UpdateReplacePolicy": "Delete",
    },
    "TracerMiddlewareInvokeTracerMiddleware0CustomResourcePolicy159EB2AA": Object {
      "Properties": Object {
        "PolicyDocument": Object {
          "Statement": Array [
            Object {
              "Action": "lambda:InvokeFunction",
              "Effect": "Allow",
              "Resource": Object {
                "Fn::GetAtt": Array [
                  "TracerMiddleware8BD589FB",
                  "Arn",
                ],
              },
            },
          ],
          "Version": "2012-10-17",
        },
        "PolicyName": "TracerMiddlewareInvokeTracerMiddleware0CustomResourcePolicy159EB2AA",
        "Roles": Array [
          Object {
            "Ref": "AWS679f53fac002430cb0da5b7982bd2287ServiceRoleC1EA0FF2",
          },
        ],
      },
      "Type": "AWS::IAM::Policy",
    },
    "TracerMiddlewareInvokeTracerMiddleware1134DB9DE": Object {
      "DeletionPolicy": "Delete",
      "DependsOn": Array [
        "TracerMiddlewareInvokeTracerMiddleware1CustomResourcePolicyD02174C2",
      ],
      "Properties": Object {
        "Create": Object {
          "Fn::Join": Array [
            "",
            Array [
              "{\\"service\\":\\"Lambda\\",\\"action\\":\\"invoke\\",\\"physicalResourceId\\":{\\"id\\":\\"Tracer.Middleware-1\\"},\\"parameters\\":{\\"FunctionName\\":\\"",
              Object {
                "Ref": "TracerMiddleware8BD589FB",
              },
              "\\",\\"InvocationType\\":\\"RequestResponse\\",\\"Payload\\":\\"{\\\\\\"key1\\\\\\":\\\\\\"value1\\\\\\",\\\\\\"key2\\\\\\":\\\\\\"value2\\\\\\",\\\\\\"key3\\\\\\":\\\\\\"value3\\\\\\"}\\"}}",
            ],
          ],
        },
        "InstallLatestAwsSdk": true,
        "ServiceToken": Object {
          "Fn::GetAtt": Array [
            "AWS679f53fac002430cb0da5b7982bd22872D164C4C",
            "Arn",
          ],
        },
        "Update": Object {
          "Fn::Join": Array [
            "",
            Array [
              "{\\"service\\":\\"Lambda\\",\\"action\\":\\"invoke\\",\\"physicalResourceId\\":{\\"id\\":\\"Tracer.Middleware-1\\"},\\"parameters\\":{\\"FunctionName\\":\\"",
              Object {
                "Ref": "TracerMiddleware8BD589FB",
              },
              "\\",\\"InvocationType\\":\\"RequestResponse\\",\\"Payload\\":\\"{\\\\\\"key1\\\\\\":\\\\\\"value1\\\\\\",\\\\\\"key2\\\\\\":\\\\\\"value2\\\\\\",\\\\\\"key3\\\\\\":\\\\\\"value3\\\\\\"}\\"}}",
            ],
          ],
        },
      },
      "Type": "Custom::AWS",
      "UpdateReplacePolicy": "Delete",
    },
    "TracerMiddlewareInvokeTracerMiddleware1CustomResourcePolicyD02174C2": Object {
      "Properties": Object {
        "PolicyDocument": Object {
          "Statement": Array [
            Object {
              "Action": "lambda:InvokeFunction",
              "Effect": "Allow",
              "Resource": Object {
                "Fn::GetAtt": Array [
                  "TracerMiddleware8BD589FB",
                  "Arn",
                ],
              },
            },
          ],
          "Version": "2012-10-17",
        },
        "PolicyName": "TracerMiddlewareInvokeTracerMiddleware1CustomResourcePolicyD02174C2",
        "Roles": Array [
          Object {
            "Ref": "AWS679f53fac002430cb0da5b7982bd2287ServiceRoleC1EA0FF2",
          },
        ],
      },
      "Type": "AWS::IAM::Policy",
    },
    "TracerMiddlewareServiceRole01226B51": Object {
      "Properties": Object {
        "AssumeRolePolicyDocument": Object {
          "Statement": Array [
            Object {
              "Action": "sts:AssumeRole",
              "Effect": "Allow",
              "Principal": Object {
                "Service": "lambda.amazonaws.com",
              },
            },
          ],
          "Version": "2012-10-17",
        },
        "ManagedPolicyArns": Array [
          Object {
            "Fn::Join": Array [
              "",
              Array [
                "arn:",
                Object {
                  "Ref": "AWS::Partition",
                },
                ":iam::aws:policy/service-role/AWSLambdaBasicExecutionRole",
              ],
            ],
          },
        ],
      },
      "Type": "AWS::IAM::Role",
    },
    "TracerMiddlewareServiceRoleDefaultPolicyD1DEC2B2": Object {
      "Properties": Object {
        "PolicyDocument": Object {
          "Statement": Array [
            Object {
              "Action": Array [
                "xray:PutTraceSegments",
                "xray:PutTelemetryRecords",
              ],
              "Effect": "Allow",
              "Resource": "*",
            },
          ],
          "Version": "2012-10-17",
        },
        "PolicyName": "TracerMiddlewareServiceRoleDefaultPolicyD1DEC2B2",
        "Roles": Array [
          Object {
            "Ref": "TracerMiddlewareServiceRole01226B51",
          },
        ],
      },
      "Type": "AWS::IAM::Policy",
    },
    "TracerPatchAWSSDKv2B47C76BA": Object {
      "DependsOn": Array [
        "TracerPatchAWSSDKv2ServiceRoleDefaultPolicy9DB7B71E",
        "TracerPatchAWSSDKv2ServiceRole4FFB1E27",
      ],
      "Properties": Object {
        "Code": Object {
          "S3Bucket": Object {
            "Fn::Sub": "cdk-hnb659fds-assets-\${AWS::AccountId}-\${AWS::Region}",
          },
          "S3Key": "637eefc6c84b72ed31b323c1bda70b61e9a4167fc5b1a208a668bb0ef1013aa3.zip",
        },
        "Environment": Object {
          "Variables": Object {
            "AWS_NODEJS_CONNECTION_REUSE_ENABLED": "1",
          },
        },
        "Handler": "index.handler",
        "Role": Object {
          "Fn::GetAtt": Array [
            "TracerPatchAWSSDKv2ServiceRole4FFB1E27",
            "Arn",
          ],
        },
        "Runtime": "nodejs14.x",
        "TracingConfig": Object {
          "Mode": "Active",
        },
      },
      "Type": "AWS::Lambda::Function",
    },
    "TracerPatchAWSSDKv2InvokeTracerPatchAWSSDKv201AF7C1FC": Object {
      "DeletionPolicy": "Delete",
      "DependsOn": Array [
        "TracerPatchAWSSDKv2InvokeTracerPatchAWSSDKv20CustomResourcePolicy809FE796",
      ],
      "Properties": Object {
        "Create": Object {
          "Fn::Join": Array [
            "",
            Array [
              "{\\"service\\":\\"Lambda\\",\\"action\\":\\"invoke\\",\\"physicalResourceId\\":{\\"id\\":\\"Tracer.PatchAWSSDKv2-0\\"},\\"parameters\\":{\\"FunctionName\\":\\"",
              Object {
                "Ref": "TracerPatchAWSSDKv2B47C76BA",
              },
              "\\",\\"InvocationType\\":\\"RequestResponse\\",\\"Payload\\":\\"{\\\\\\"key1\\\\\\":\\\\\\"value1\\\\\\",\\\\\\"key2\\\\\\":\\\\\\"value2\\\\\\",\\\\\\"key3\\\\\\":\\\\\\"value3\\\\\\"}\\"}}",
            ],
          ],
        },
        "InstallLatestAwsSdk": true,
        "ServiceToken": Object {
          "Fn::GetAtt": Array [
            "AWS679f53fac002430cb0da5b7982bd22872D164C4C",
            "Arn",
          ],
        },
        "Update": Object {
          "Fn::Join": Array [
            "",
            Array [
              "{\\"service\\":\\"Lambda\\",\\"action\\":\\"invoke\\",\\"physicalResourceId\\":{\\"id\\":\\"Tracer.PatchAWSSDKv2-0\\"},\\"parameters\\":{\\"FunctionName\\":\\"",
              Object {
                "Ref": "TracerPatchAWSSDKv2B47C76BA",
              },
              "\\",\\"InvocationType\\":\\"RequestResponse\\",\\"Payload\\":\\"{\\\\\\"key1\\\\\\":\\\\\\"value1\\\\\\",\\\\\\"key2\\\\\\":\\\\\\"value2\\\\\\",\\\\\\"key3\\\\\\":\\\\\\"value3\\\\\\"}\\"}}",
            ],
          ],
        },
      },
      "Type": "Custom::AWS",
      "UpdateReplacePolicy": "Delete",
    },
    "TracerPatchAWSSDKv2InvokeTracerPatchAWSSDKv20CustomResourcePolicy809FE796": Object {
      "Properties": Object {
        "PolicyDocument": Object {
          "Statement": Array [
            Object {
              "Action": "lambda:InvokeFunction",
              "Effect": "Allow",
              "Resource": Object {
                "Fn::GetAtt": Array [
                  "TracerPatchAWSSDKv2B47C76BA",
                  "Arn",
                ],
              },
            },
          ],
          "Version": "2012-10-17",
        },
        "PolicyName": "TracerPatchAWSSDKv2InvokeTracerPatchAWSSDKv20CustomResourcePolicy809FE796",
        "Roles": Array [
          Object {
            "Ref": "AWS679f53fac002430cb0da5b7982bd2287ServiceRoleC1EA0FF2",
          },
        ],
      },
      "Type": "AWS::IAM::Policy",
    },
    "TracerPatchAWSSDKv2InvokeTracerPatchAWSSDKv21AF4E1BBE": Object {
      "DeletionPolicy": "Delete",
      "DependsOn": Array [
        "TracerPatchAWSSDKv2InvokeTracerPatchAWSSDKv21CustomResourcePolicy6E071F34",
      ],
      "Properties": Object {
        "Create": Object {
          "Fn::Join": Array [
            "",
            Array [
              "{\\"service\\":\\"Lambda\\",\\"action\\":\\"invoke\\",\\"physicalResourceId\\":{\\"id\\":\\"Tracer.PatchAWSSDKv2-1\\"},\\"parameters\\":{\\"FunctionName\\":\\"",
              Object {
                "Ref": "TracerPatchAWSSDKv2B47C76BA",
              },
              "\\",\\"InvocationType\\":\\"RequestResponse\\",\\"Payload\\":\\"{\\\\\\"key1\\\\\\":\\\\\\"value1\\\\\\",\\\\\\"key2\\\\\\":\\\\\\"value2\\\\\\",\\\\\\"key3\\\\\\":\\\\\\"value3\\\\\\"}\\"}}",
            ],
          ],
        },
        "InstallLatestAwsSdk": true,
        "ServiceToken": Object {
          "Fn::GetAtt": Array [
            "AWS679f53fac002430cb0da5b7982bd22872D164C4C",
            "Arn",
          ],
        },
        "Update": Object {
          "Fn::Join": Array [
            "",
            Array [
              "{\\"service\\":\\"Lambda\\",\\"action\\":\\"invoke\\",\\"physicalResourceId\\":{\\"id\\":\\"Tracer.PatchAWSSDKv2-1\\"},\\"parameters\\":{\\"FunctionName\\":\\"",
              Object {
                "Ref": "TracerPatchAWSSDKv2B47C76BA",
              },
              "\\",\\"InvocationType\\":\\"RequestResponse\\",\\"Payload\\":\\"{\\\\\\"key1\\\\\\":\\\\\\"value1\\\\\\",\\\\\\"key2\\\\\\":\\\\\\"value2\\\\\\",\\\\\\"key3\\\\\\":\\\\\\"value3\\\\\\"}\\"}}",
            ],
          ],
        },
      },
      "Type": "Custom::AWS",
      "UpdateReplacePolicy": "Delete",
    },
    "TracerPatchAWSSDKv2InvokeTracerPatchAWSSDKv21CustomResourcePolicy6E071F34": Object {
      "Properties": Object {
        "PolicyDocument": Object {
          "Statement": Array [
            Object {
              "Action": "lambda:InvokeFunction",
              "Effect": "Allow",
              "Resource": Object {
                "Fn::GetAtt": Array [
                  "TracerPatchAWSSDKv2B47C76BA",
                  "Arn",
                ],
              },
            },
          ],
          "Version": "2012-10-17",
        },
        "PolicyName": "TracerPatchAWSSDKv2InvokeTracerPatchAWSSDKv21CustomResourcePolicy6E071F34",
        "Roles": Array [
          Object {
            "Ref": "AWS679f53fac002430cb0da5b7982bd2287ServiceRoleC1EA0FF2",
          },
        ],
      },
      "Type": "AWS::IAM::Policy",
    },
    "TracerPatchAWSSDKv2ServiceRole4FFB1E27": Object {
      "Properties": Object {
        "AssumeRolePolicyDocument": Object {
          "Statement": Array [
            Object {
              "Action": "sts:AssumeRole",
              "Effect": "Allow",
              "Principal": Object {
                "Service": "lambda.amazonaws.com",
              },
            },
          ],
          "Version": "2012-10-17",
        },
        "ManagedPolicyArns": Array [
          Object {
            "Fn::Join": Array [
              "",
              Array [
                "arn:",
                Object {
                  "Ref": "AWS::Partition",
                },
                ":iam::aws:policy/service-role/AWSLambdaBasicExecutionRole",
              ],
            ],
          },
        ],
      },
      "Type": "AWS::IAM::Role",
    },
    "TracerPatchAWSSDKv2ServiceRoleDefaultPolicy9DB7B71E": Object {
      "Properties": Object {
        "PolicyDocument": Object {
          "Statement": Array [
            Object {
              "Action": Array [
                "xray:PutTraceSegments",
                "xray:PutTelemetryRecords",
              ],
              "Effect": "Allow",
              "Resource": "*",
            },
          ],
          "Version": "2012-10-17",
        },
        "PolicyName": "TracerPatchAWSSDKv2ServiceRoleDefaultPolicy9DB7B71E",
        "Roles": Array [
          Object {
            "Ref": "TracerPatchAWSSDKv2ServiceRole4FFB1E27",
          },
        ],
      },
      "Type": "AWS::IAM::Policy",
    },
    "TracerPatchAWSSDKv30DF908B1": Object {
      "DependsOn": Array [
        "TracerPatchAWSSDKv3ServiceRoleDefaultPolicyC469DECE",
        "TracerPatchAWSSDKv3ServiceRoleAAB4DA91",
      ],
      "Properties": Object {
        "Code": Object {
          "S3Bucket": Object {
            "Fn::Sub": "cdk-hnb659fds-assets-\${AWS::AccountId}-\${AWS::Region}",
          },
          "S3Key": "30cc37ac6b772ae463865d00e2a41d252a310ebc69e16aa9c7bb4f472697f0c2.zip",
        },
        "Environment": Object {
          "Variables": Object {
            "AWS_NODEJS_CONNECTION_REUSE_ENABLED": "1",
          },
        },
        "Handler": "index.handler",
        "Role": Object {
          "Fn::GetAtt": Array [
            "TracerPatchAWSSDKv3ServiceRoleAAB4DA91",
            "Arn",
          ],
        },
        "Runtime": "nodejs14.x",
        "TracingConfig": Object {
          "Mode": "Active",
        },
      },
      "Type": "AWS::Lambda::Function",
    },
    "TracerPatchAWSSDKv3InvokeTracerPatchAWSSDKv305ADEACB2": Object {
      "DeletionPolicy": "Delete",
      "DependsOn": Array [
        "TracerPatchAWSSDKv3InvokeTracerPatchAWSSDKv30CustomResourcePolicyE914C014",
      ],
      "Properties": Object {
        "Create": Object {
          "Fn::Join": Array [
            "",
            Array [
              "{\\"service\\":\\"Lambda\\",\\"action\\":\\"invoke\\",\\"physicalResourceId\\":{\\"id\\":\\"Tracer.PatchAWSSDKv3-0\\"},\\"parameters\\":{\\"FunctionName\\":\\"",
              Object {
                "Ref": "TracerPatchAWSSDKv30DF908B1",
              },
              "\\",\\"InvocationType\\":\\"RequestResponse\\",\\"Payload\\":\\"{\\\\\\"key1\\\\\\":\\\\\\"value1\\\\\\",\\\\\\"key2\\\\\\":\\\\\\"value2\\\\\\",\\\\\\"key3\\\\\\":\\\\\\"value3\\\\\\"}\\"}}",
            ],
          ],
        },
        "InstallLatestAwsSdk": true,
        "ServiceToken": Object {
          "Fn::GetAtt": Array [
            "AWS679f53fac002430cb0da5b7982bd22872D164C4C",
            "Arn",
          ],
        },
        "Update": Object {
          "Fn::Join": Array [
            "",
            Array [
              "{\\"service\\":\\"Lambda\\",\\"action\\":\\"invoke\\",\\"physicalResourceId\\":{\\"id\\":\\"Tracer.PatchAWSSDKv3-0\\"},\\"parameters\\":{\\"FunctionName\\":\\"",
              Object {
                "Ref": "TracerPatchAWSSDKv30DF908B1",
              },
              "\\",\\"InvocationType\\":\\"RequestResponse\\",\\"Payload\\":\\"{\\\\\\"key1\\\\\\":\\\\\\"value1\\\\\\",\\\\\\"key2\\\\\\":\\\\\\"value2\\\\\\",\\\\\\"key3\\\\\\":\\\\\\"value3\\\\\\"}\\"}}",
            ],
          ],
        },
      },
      "Type": "Custom::AWS",
      "UpdateReplacePolicy": "Delete",
    },
    "TracerPatchAWSSDKv3InvokeTracerPatchAWSSDKv30CustomResourcePolicyE914C014": Object {
      "Properties": Object {
        "PolicyDocument": Object {
          "Statement": Array [
            Object {
              "Action": "lambda:InvokeFunction",
              "Effect": "Allow",
              "Resource": Object {
                "Fn::GetAtt": Array [
                  "TracerPatchAWSSDKv30DF908B1",
                  "Arn",
                ],
              },
            },
          ],
          "Version": "2012-10-17",
        },
        "PolicyName": "TracerPatchAWSSDKv3InvokeTracerPatchAWSSDKv30CustomResourcePolicyE914C014",
        "Roles": Array [
          Object {
            "Ref": "AWS679f53fac002430cb0da5b7982bd2287ServiceRoleC1EA0FF2",
          },
        ],
      },
      "Type": "AWS::IAM::Policy",
    },
    "TracerPatchAWSSDKv3InvokeTracerPatchAWSSDKv315F9375E0": Object {
      "DeletionPolicy": "Delete",
      "DependsOn": Array [
        "TracerPatchAWSSDKv3InvokeTracerPatchAWSSDKv31CustomResourcePolicy9D828A77",
      ],
      "Properties": Object {
        "Create": Object {
          "Fn::Join": Array [
            "",
            Array [
              "{\\"service\\":\\"Lambda\\",\\"action\\":\\"invoke\\",\\"physicalResourceId\\":{\\"id\\":\\"Tracer.PatchAWSSDKv3-1\\"},\\"parameters\\":{\\"FunctionName\\":\\"",
              Object {
                "Ref": "TracerPatchAWSSDKv30DF908B1",
              },
              "\\",\\"InvocationType\\":\\"RequestResponse\\",\\"Payload\\":\\"{\\\\\\"key1\\\\\\":\\\\\\"value1\\\\\\",\\\\\\"key2\\\\\\":\\\\\\"value2\\\\\\",\\\\\\"key3\\\\\\":\\\\\\"value3\\\\\\"}\\"}}",
            ],
          ],
        },
        "InstallLatestAwsSdk": true,
        "ServiceToken": Object {
          "Fn::GetAtt": Array [
            "AWS679f53fac002430cb0da5b7982bd22872D164C4C",
            "Arn",
          ],
        },
        "Update": Object {
          "Fn::Join": Array [
            "",
            Array [
              "{\\"service\\":\\"Lambda\\",\\"action\\":\\"invoke\\",\\"physicalResourceId\\":{\\"id\\":\\"Tracer.PatchAWSSDKv3-1\\"},\\"parameters\\":{\\"FunctionName\\":\\"",
              Object {
                "Ref": "TracerPatchAWSSDKv30DF908B1",
              },
              "\\",\\"InvocationType\\":\\"RequestResponse\\",\\"Payload\\":\\"{\\\\\\"key1\\\\\\":\\\\\\"value1\\\\\\",\\\\\\"key2\\\\\\":\\\\\\"value2\\\\\\",\\\\\\"key3\\\\\\":\\\\\\"value3\\\\\\"}\\"}}",
            ],
          ],
        },
      },
      "Type": "Custom::AWS",
      "UpdateReplacePolicy": "Delete",
    },
    "TracerPatchAWSSDKv3InvokeTracerPatchAWSSDKv31CustomResourcePolicy9D828A77": Object {
      "Properties": Object {
        "PolicyDocument": Object {
          "Statement": Array [
            Object {
              "Action": "lambda:InvokeFunction",
              "Effect": "Allow",
              "Resource": Object {
                "Fn::GetAtt": Array [
                  "TracerPatchAWSSDKv30DF908B1",
                  "Arn",
                ],
              },
            },
          ],
          "Version": "2012-10-17",
        },
        "PolicyName": "TracerPatchAWSSDKv3InvokeTracerPatchAWSSDKv31CustomResourcePolicy9D828A77",
        "Roles": Array [
          Object {
            "Ref": "AWS679f53fac002430cb0da5b7982bd2287ServiceRoleC1EA0FF2",
          },
        ],
      },
      "Type": "AWS::IAM::Policy",
    },
    "TracerPatchAWSSDKv3ServiceRoleAAB4DA91": Object {
      "Properties": Object {
        "AssumeRolePolicyDocument": Object {
          "Statement": Array [
            Object {
              "Action": "sts:AssumeRole",
              "Effect": "Allow",
              "Principal": Object {
                "Service": "lambda.amazonaws.com",
              },
            },
          ],
          "Version": "2012-10-17",
        },
        "ManagedPolicyArns": Array [
          Object {
            "Fn::Join": Array [
              "",
              Array [
                "arn:",
                Object {
                  "Ref": "AWS::Partition",
                },
                ":iam::aws:policy/service-role/AWSLambdaBasicExecutionRole",
              ],
            ],
          },
        ],
      },
      "Type": "AWS::IAM::Role",
    },
    "TracerPatchAWSSDKv3ServiceRoleDefaultPolicyC469DECE": Object {
      "Properties": Object {
        "PolicyDocument": Object {
          "Statement": Array [
            Object {
              "Action": Array [
                "xray:PutTraceSegments",
                "xray:PutTelemetryRecords",
              ],
              "Effect": "Allow",
              "Resource": "*",
            },
          ],
          "Version": "2012-10-17",
        },
        "PolicyName": "TracerPatchAWSSDKv3ServiceRoleDefaultPolicyC469DECE",
        "Roles": Array [
          Object {
            "Ref": "TracerPatchAWSSDKv3ServiceRoleAAB4DA91",
          },
        ],
      },
      "Type": "AWS::IAM::Policy",
    },
    "TracerPatchAllAWSSDKC16A4639": Object {
      "DependsOn": Array [
        "TracerPatchAllAWSSDKServiceRoleDefaultPolicy580C9288",
        "TracerPatchAllAWSSDKServiceRole63384A7F",
      ],
      "Properties": Object {
        "Code": Object {
          "S3Bucket": Object {
            "Fn::Sub": "cdk-hnb659fds-assets-\${AWS::AccountId}-\${AWS::Region}",
          },
          "S3Key": "317a3cc8e7a655fc4e80df1343fb2956a9aadeed7d13dc52c579acf44a5114bf.zip",
        },
        "Environment": Object {
          "Variables": Object {
            "AWS_NODEJS_CONNECTION_REUSE_ENABLED": "1",
          },
        },
        "Handler": "index.handler",
        "Role": Object {
          "Fn::GetAtt": Array [
            "TracerPatchAllAWSSDKServiceRole63384A7F",
            "Arn",
          ],
        },
        "Runtime": "nodejs14.x",
        "TracingConfig": Object {
          "Mode": "Active",
        },
      },
      "Type": "AWS::Lambda::Function",
    },
    "TracerPatchAllAWSSDKInvokeTracerPatchAllAWSSDK099750D9A": Object {
      "DeletionPolicy": "Delete",
      "DependsOn": Array [
        "TracerPatchAllAWSSDKInvokeTracerPatchAllAWSSDK0CustomResourcePolicyD3E80880",
      ],
      "Properties": Object {
        "Create": Object {
          "Fn::Join": Array [
            "",
            Array [
              "{\\"service\\":\\"Lambda\\",\\"action\\":\\"invoke\\",\\"physicalResourceId\\":{\\"id\\":\\"Tracer.PatchAllAWSSDK-0\\"},\\"parameters\\":{\\"FunctionName\\":\\"",
              Object {
                "Ref": "TracerPatchAllAWSSDKC16A4639",
              },
              "\\",\\"InvocationType\\":\\"RequestResponse\\",\\"Payload\\":\\"{\\\\\\"key1\\\\\\":\\\\\\"value1\\\\\\",\\\\\\"key2\\\\\\":\\\\\\"value2\\\\\\",\\\\\\"key3\\\\\\":\\\\\\"value3\\\\\\"}\\"}}",
            ],
          ],
        },
        "InstallLatestAwsSdk": true,
        "ServiceToken": Object {
          "Fn::GetAtt": Array [
            "AWS679f53fac002430cb0da5b7982bd22872D164C4C",
            "Arn",
          ],
        },
        "Update": Object {
          "Fn::Join": Array [
            "",
            Array [
              "{\\"service\\":\\"Lambda\\",\\"action\\":\\"invoke\\",\\"physicalResourceId\\":{\\"id\\":\\"Tracer.PatchAllAWSSDK-0\\"},\\"parameters\\":{\\"FunctionName\\":\\"",
              Object {
                "Ref": "TracerPatchAllAWSSDKC16A4639",
              },
              "\\",\\"InvocationType\\":\\"RequestResponse\\",\\"Payload\\":\\"{\\\\\\"key1\\\\\\":\\\\\\"value1\\\\\\",\\\\\\"key2\\\\\\":\\\\\\"value2\\\\\\",\\\\\\"key3\\\\\\":\\\\\\"value3\\\\\\"}\\"}}",
            ],
          ],
        },
      },
      "Type": "Custom::AWS",
      "UpdateReplacePolicy": "Delete",
    },
    "TracerPatchAllAWSSDKInvokeTracerPatchAllAWSSDK0CustomResourcePolicyD3E80880": Object {
      "Properties": Object {
        "PolicyDocument": Object {
          "Statement": Array [
            Object {
              "Action": "lambda:InvokeFunction",
              "Effect": "Allow",
              "Resource": Object {
                "Fn::GetAtt": Array [
                  "TracerPatchAllAWSSDKC16A4639",
                  "Arn",
                ],
              },
            },
          ],
          "Version": "2012-10-17",
        },
        "PolicyName": "TracerPatchAllAWSSDKInvokeTracerPatchAllAWSSDK0CustomResourcePolicyD3E80880",
        "Roles": Array [
          Object {
            "Ref": "AWS679f53fac002430cb0da5b7982bd2287ServiceRoleC1EA0FF2",
          },
        ],
      },
      "Type": "AWS::IAM::Policy",
    },
    "TracerPatchAllAWSSDKInvokeTracerPatchAllAWSSDK125948C7B": Object {
      "DeletionPolicy": "Delete",
      "DependsOn": Array [
        "TracerPatchAllAWSSDKInvokeTracerPatchAllAWSSDK1CustomResourcePolicy2798E6F4",
      ],
      "Properties": Object {
        "Create": Object {
          "Fn::Join": Array [
            "",
            Array [
              "{\\"service\\":\\"Lambda\\",\\"action\\":\\"invoke\\",\\"physicalResourceId\\":{\\"id\\":\\"Tracer.PatchAllAWSSDK-1\\"},\\"parameters\\":{\\"FunctionName\\":\\"",
              Object {
                "Ref": "TracerPatchAllAWSSDKC16A4639",
              },
              "\\",\\"InvocationType\\":\\"RequestResponse\\",\\"Payload\\":\\"{\\\\\\"key1\\\\\\":\\\\\\"value1\\\\\\",\\\\\\"key2\\\\\\":\\\\\\"value2\\\\\\",\\\\\\"key3\\\\\\":\\\\\\"value3\\\\\\"}\\"}}",
            ],
          ],
        },
        "InstallLatestAwsSdk": true,
        "ServiceToken": Object {
          "Fn::GetAtt": Array [
            "AWS679f53fac002430cb0da5b7982bd22872D164C4C",
            "Arn",
          ],
        },
        "Update": Object {
          "Fn::Join": Array [
            "",
            Array [
              "{\\"service\\":\\"Lambda\\",\\"action\\":\\"invoke\\",\\"physicalResourceId\\":{\\"id\\":\\"Tracer.PatchAllAWSSDK-1\\"},\\"parameters\\":{\\"FunctionName\\":\\"",
              Object {
                "Ref": "TracerPatchAllAWSSDKC16A4639",
              },
              "\\",\\"InvocationType\\":\\"RequestResponse\\",\\"Payload\\":\\"{\\\\\\"key1\\\\\\":\\\\\\"value1\\\\\\",\\\\\\"key2\\\\\\":\\\\\\"value2\\\\\\",\\\\\\"key3\\\\\\":\\\\\\"value3\\\\\\"}\\"}}",
            ],
          ],
        },
      },
      "Type": "Custom::AWS",
      "UpdateReplacePolicy": "Delete",
    },
    "TracerPatchAllAWSSDKInvokeTracerPatchAllAWSSDK1CustomResourcePolicy2798E6F4": Object {
      "Properties": Object {
        "PolicyDocument": Object {
          "Statement": Array [
            Object {
              "Action": "lambda:InvokeFunction",
              "Effect": "Allow",
              "Resource": Object {
                "Fn::GetAtt": Array [
                  "TracerPatchAllAWSSDKC16A4639",
                  "Arn",
                ],
              },
            },
          ],
          "Version": "2012-10-17",
        },
        "PolicyName": "TracerPatchAllAWSSDKInvokeTracerPatchAllAWSSDK1CustomResourcePolicy2798E6F4",
        "Roles": Array [
          Object {
            "Ref": "AWS679f53fac002430cb0da5b7982bd2287ServiceRoleC1EA0FF2",
          },
        ],
      },
      "Type": "AWS::IAM::Policy",
    },
    "TracerPatchAllAWSSDKServiceRole63384A7F": Object {
      "Properties": Object {
        "AssumeRolePolicyDocument": Object {
          "Statement": Array [
            Object {
              "Action": "sts:AssumeRole",
              "Effect": "Allow",
              "Principal": Object {
                "Service": "lambda.amazonaws.com",
              },
            },
          ],
          "Version": "2012-10-17",
        },
        "ManagedPolicyArns": Array [
          Object {
            "Fn::Join": Array [
              "",
              Array [
                "arn:",
                Object {
                  "Ref": "AWS::Partition",
                },
                ":iam::aws:policy/service-role/AWSLambdaBasicExecutionRole",
              ],
            ],
          },
        ],
      },
      "Type": "AWS::IAM::Role",
    },
    "TracerPatchAllAWSSDKServiceRoleDefaultPolicy580C9288": Object {
      "Properties": Object {
        "PolicyDocument": Object {
          "Statement": Array [
            Object {
              "Action": Array [
                "xray:PutTraceSegments",
                "xray:PutTelemetryRecords",
              ],
              "Effect": "Allow",
              "Resource": "*",
            },
          ],
          "Version": "2012-10-17",
        },
        "PolicyName": "TracerPatchAllAWSSDKServiceRoleDefaultPolicy580C9288",
        "Roles": Array [
          Object {
            "Ref": "TracerPatchAllAWSSDKServiceRole63384A7F",
          },
        ],
      },
      "Type": "AWS::IAM::Policy",
    },
  },
  "Rules": Object {
    "CheckBootstrapVersion": Object {
      "Assertions": Array [
        Object {
          "Assert": Object {
            "Fn::Not": Array [
              Object {
                "Fn::Contains": Array [
                  Array [
                    "1",
                    "2",
                    "3",
                    "4",
                    "5",
                  ],
                  Object {
                    "Ref": "BootstrapVersion",
                  },
                ],
              },
            ],
          },
          "AssertDescription": "CDK bootstrap stack version 6 required. Please run 'cdk bootstrap' with a recent version of the CDK CLI.",
        },
      ],
    },
  },
}
`;
